2025-04-11 00:59:33.875 16428-16464 DynamiteModule          com.bda.projectpulse                 W  Local module descriptor class for com.google.android.gms.providerinstaller.dynamite not found.
2025-04-11 00:59:33.879 16428-16464 DynamiteModule          com.bda.projectpulse                 I  Considering local module com.google.android.gms.providerinstaller.dynamite:0 and remote module com.google.android.gms.providerinstaller.dynamite:0
2025-04-11 00:59:33.879 16428-16464 ProviderInstaller       com.bda.projectpulse                 W  Failed to load providerinstaller module: No acceptable module com.google.android.gms.providerinstaller.dynamite found. Local version is 0 and remote version is 0.
2025-04-11 00:59:33.881 16428-16464 ApplicationLoaders      com.bda.projectpulse                 D  Returning zygote-cached class loader: /system/framework/org.apache.http.legacy.jar
2025-04-11 00:59:33.890 16428-16464 nativeloader            com.bda.projectpulse                 D  Configuring clns-8 for other apk /system/framework/com.android.media.remotedisplay.jar. target_sdk_version=34, uses_libraries=ALL, library_path=/product/priv-app/PrebuiltGmsCore/lib/x86_64:/product/priv-app/PrebuiltGmsCore/PrebuiltGmsCore.apk!/lib/x86_64, permitted_path=/data:/mnt/expand:/data/user/0/com.google.android.gms
2025-04-11 00:59:33.915 16428-16464 nativeloader            com.bda.projectpulse                 D  Configuring clns-9 for other apk /system/framework/com.android.location.provider.jar. target_sdk_version=34, uses_libraries=ALL, library_path=/product/priv-app/PrebuiltGmsCore/lib/x86_64:/product/priv-app/PrebuiltGmsCore/PrebuiltGmsCore.apk!/lib/x86_64, permitted_path=/data:/mnt/expand:/data/user/0/com.google.android.gms
2025-04-11 00:59:33.919 16428-16464 ApplicationLoaders      com.bda.projectpulse                 D  Returning zygote-cached class loader: /system_ext/framework/androidx.window.extensions.jar
2025-04-11 00:59:33.919 16428-16464 ApplicationLoaders      com.bda.projectpulse                 D  Returning zygote-cached class loader: /system_ext/framework/androidx.window.sidecar.jar
2025-04-11 00:59:33.931 16428-16464 nativeloader            com.bda.projectpulse                 D  InitLlndkLibrariesProduct: libEGL.so:libGLESv1_CM.so:libGLESv2.so:libGLESv3.so:libRS.so:libandroid_net.so:libapexsupport.so:libbinder_ndk.so:libc.so:libcgrouprc.so:libclang_rt.asan-x86_64-android.so:libcom.android.tethering.connectivity_native.so:libdl.so:libft2.so:liblog.so:libm.so:libmediandk.so:libnativewindow.so:libneuralnetworks.so:libselinux.so:libsync.so:libvendorsupport.so:libvndksupport.so:libvulkan.so
2025-04-11 00:59:33.931 16428-16464 nativeloader            com.bda.projectpulse                 D  Configuring product-clns-10 for unbundled product apk /product/priv-app/PrebuiltGmsCore/PrebuiltGmsCore.apk. target_sdk_version=34, uses_libraries=, library_path=/product/priv-app/PrebuiltGmsCore/lib/x86_64:/product/priv-app/PrebuiltGmsCore/PrebuiltGmsCore.apk!/lib/x86_64:/product/lib64:/system/product/lib64, permitted_path=/data:/mnt/expand:/data/user/0/com.google.android.gms:/product/lib64:/system/product/lib64
2025-04-11 00:59:33.938 16428-16464 nativeloader            com.bda.projectpulse                 D  InitVndkspLibrariesProduct: VNDK is deprecated with product
2025-04-11 00:59:33.943 16428-16464 ProviderInstaller       com.bda.projectpulse                 W  Failed to report request stats: com.google.android.gms.common.security.ProviderInstallerImpl.reportRequestStats [class android.content.Context, long, long]
2025-04-11 00:59:34.040 16428-16464 nativeloader            com.bda.projectpulse                 D  Load /product/priv-app/PrebuiltGmsCore/PrebuiltGmsCore.apk!/lib/x86_64/libconscrypt_gmscore_jni.so using ns product-clns-10 from class loader (caller=/product/priv-app/PrebuiltGmsCore/PrebuiltGmsCore.apk!classes3.dex): ok
2025-04-11 00:59:34.046 16428-16464 NativeCrypto            com.bda.projectpulse                 V  Registering com/google/android/gms/org/conscrypt/NativeCrypto's 305 native methods...
2025-04-11 00:59:34.065 16428-16464 da.projectpulse         com.bda.projectpulse                 W  Accessing hidden method Ljava/security/spec/ECParameterSpec;->getCurveName()Ljava/lang/String; (unsupported, reflection, allowed)
2025-04-11 00:59:34.184 16428-16464 ProviderInstaller       com.bda.projectpulse                 I  Installed default security provider GmsCore_OpenSSL
2025-04-11 00:59:34.229 16428-16428 CompatChangeReporter    com.bda.projectpulse                 D  Compat change id reported: 289878283; UID 10211; state: ENABLED
2025-04-11 00:59:34.414 16428-16475 TrafficStats            com.bda.projectpulse                 D  tagSocket(125) with statsTag=0xffffffff, statsUid=-1
2025-04-11 00:59:34.467 16428-16475 da.projectpulse         com.bda.projectpulse                 W  Accessing hidden field Ljava/net/Socket;->impl:Ljava/net/SocketImpl; (unsupported, reflection, allowed)
2025-04-11 00:59:34.530 16428-16451 EGL_emulation           com.bda.projectpulse                 I  Opening libGLESv1_CM_emulation.so
2025-04-11 00:59:34.532 16428-16451 EGL_emulation           com.bda.projectpulse                 I  Opening libGLESv2_emulation.so
2025-04-11 00:59:34.616 16428-16475 da.projectpulse         com.bda.projectpulse                 W  Accessing hidden method Ljava/security/spec/ECParameterSpec;->setCurveName(Ljava/lang/String;)V (unsupported, reflection, allowed)
2025-04-11 00:59:34.676 16428-16451 HWUI                    com.bda.projectpulse                 W  Failed to choose config with EGL_SWAP_BEHAVIOR_PRESERVED, retrying without...
2025-04-11 00:59:34.677 16428-16451 HWUI                    com.bda.projectpulse                 W  Failed to initialize 101010-2 format, error = EGL_SUCCESS
2025-04-11 00:59:34.704 16428-16451 Gralloc4                com.bda.projectpulse                 I  mapper 4.x is not supported
2025-04-11 00:59:34.816 16428-16440 HWUI                    com.bda.projectpulse                 I  Davey! duration=1955ms; Flags=1, FrameTimelineVsyncId=1168415, IntendedVsync=65469366575972, Vsync=65469366575972, InputEventId=0, HandleInputStart=65469368851500, AnimationStart=65469368876200, PerformTraversalsStart=65469368911900, DrawStart=65471251057300, FrameDeadline=65469383242638, FrameInterval=65469368820900, FrameStartTime=16666666, SyncQueued=65471279783500, SyncStart=65471286172500, IssueDrawCommandsStart=65471288064600, SwapBuffers=65471313854100, FrameCompleted=65471328496800, DequeueBufferDuration=19800, QueueBufferDuration=373100, GpuCompleted=65471328496800, SwapBuffersCompleted=65471315653300, DisplayPresentTime=16960825855817, CommandSubmissionCompleted=65471313854100, 
2025-04-11 00:59:34.856 16428-16428 AuthViewModel           com.bda.projectpulse                 E  Error getting user data
                                                                                                    kotlinx.coroutines.JobCancellationException: Job was cancelled; job=SupervisorJobImpl{Cancelling}@a763910
2025-04-11 00:59:34.857 16428-16428 FirebaseAuthManager     com.bda.projectpulse                 E  Error checking for admin user
                                                                                                    kotlinx.coroutines.JobCancellationException: Job was cancelled; job=SupervisorJobImpl{Cancelling}@a763910
2025-04-11 00:59:34.857 16428-16428 AuthViewModel           com.bda.projectpulse                 D  Checking for admin user. Has admin: false
2025-04-11 00:59:34.857 16428-16428 AuthViewModel           com.bda.projectpulse                 D  No admin exists, showing all roles
2025-04-11 00:59:34.864 16428-16428 Choreographer           com.bda.projectpulse                 I  Skipped 109 frames!  The application may be doing too much work on its main thread.
2025-04-11 00:59:34.927 16428-16428 System.out              com.bda.projectpulse                 I  ProjectViewModel: Initializing
2025-04-11 00:59:34.929 16428-16428 System.out              com.bda.projectpulse                 I  ProjectViewModel: Current user ID: bQn67H2vIKVA6btfWJm3UroA9Bk2
2025-04-11 00:59:34.930 16428-16428 System.out              com.bda.projectpulse                 I  ProjectViewModel: Loading projects
2025-04-11 00:59:34.934 16428-16428 System.out              com.bda.projectpulse                 I  ProjectViewModel: Loading users
2025-04-11 00:59:34.935 16428-16428 System.out              com.bda.projectpulse                 I  ProjectViewModel: Loading current user
2025-04-11 00:59:35.202 16428-16438 HWUI                    com.bda.projectpulse                 I  Davey! duration=2137ms; Flags=0, FrameTimelineVsyncId=1168437, IntendedVsync=65469566575964, Vsync=65471383242558, InputEventId=0, HandleInputStart=65471388682400, AnimationStart=65471388701300, PerformTraversalsStart=65471531971200, DrawStart=65471532432800, FrameDeadline=65471349909226, FrameInterval=65471387200000, FrameStartTime=16666666, SyncQueued=65471694714900, SyncStart=65471694857900, IssueDrawCommandsStart=65471695069600, SwapBuffers=65471695919500, FrameCompleted=65471703726900, DequeueBufferDuration=18000, QueueBufferDuration=561900, GpuCompleted=65471703726900, SwapBuffersCompleted=65471698761500, DisplayPresentTime=20611548058296, CommandSubmissionCompleted=65471695919500, 
2025-04-11 00:59:35.212 16428-16428 System.out              com.bda.projectpulse                 I  ProjectViewModel: Loading projects
2025-04-11 00:59:35.214 16428-16428 System.out              com.bda.projectpulse                 I  ProjectViewModel: Loading current user
2025-04-11 00:59:35.466 16428-16428 Firestore               com.bda.projectpulse                 W  (24.10.2) [CustomClassMapper]: No setter/field for fcmToken found on class com.bda.projectpulse.models.User
2025-04-11 00:59:35.467 16428-16428 System.out              com.bda.projectpulse                 I  ProjectViewModel: Current user for projects: User1, role: USER
2025-04-11 00:59:35.470 16428-16428 System.out              com.bda.projectpulse                 I  ProjectRepository: Setting up projects listener
2025-04-11 00:59:35.471 16428-16428 System.out              com.bda.projectpulse                 I  ProjectRepository: User role is USER, isAdmin: false
2025-04-11 00:59:35.474 16428-16428 Firestore               com.bda.projectpulse                 W  (24.10.2) [CustomClassMapper]: No setter/field for fcmToken found on class com.bda.projectpulse.models.User
2025-04-11 00:59:35.475 16428-16428 System.out              com.bda.projectpulse                 I  ProjectViewModel: Current user loaded: bQn67H2vIKVA6btfWJm3UroA9Bk2
2025-04-11 00:59:35.478 16428-16428 Firestore               com.bda.projectpulse                 W  (24.10.2) [CustomClassMapper]: No setter/field for fcmToken found on class com.bda.projectpulse.models.User
2025-04-11 00:59:35.478 16428-16428 System.out              com.bda.projectpulse                 I  ProjectViewModel: Current user for projects: User1, role: USER
2025-04-11 00:59:35.479 16428-16428 System.out              com.bda.projectpulse                 I  ProjectRepository: Setting up projects listener
2025-04-11 00:59:35.480 16428-16428 System.out              com.bda.projectpulse                 I  ProjectRepository: User role is USER, isAdmin: false
2025-04-11 00:59:35.482 16428-16428 Firestore               com.bda.projectpulse                 W  (24.10.2) [CustomClassMapper]: No setter/field for fcmToken found on class com.bda.projectpulse.models.User
2025-04-11 00:59:35.482 16428-16428 System.out              com.bda.projectpulse                 I  ProjectViewModel: Current user loaded: bQn67H2vIKVA6btfWJm3UroA9Bk2
2025-04-11 00:59:35.505 16428-16428 Firestore               com.bda.projectpulse                 W  (24.10.2) [CustomClassMapper]: No setter/field for fcmToken found on class com.bda.projectpulse.models.User
2025-04-11 00:59:35.505 16428-16428 Firestore               com.bda.projectpulse                 W  (24.10.2) [CustomClassMapper]: No setter/field for fcmToken found on class com.bda.projectpulse.models.User
2025-04-11 00:59:35.505 16428-16428 System.out              com.bda.projectpulse                 I  ProjectViewModel: Users loaded: 4
2025-04-11 00:59:35.534 16428-16428 System.out              com.bda.projectpulse                 I  ProjectRepository: Received projects snapshot
2025-04-11 00:59:35.534 16428-16428 System.out              com.bda.projectpulse                 I  ProjectRepository: Snapshot metadata: SnapshotMetadata{hasPendingWrites=false, isFromCache=true}
2025-04-11 00:59:35.534 16428-16428 System.out              com.bda.projectpulse                 I  ProjectRepository: Snapshot size: 3
2025-04-11 00:59:35.534 16428-16428 System.out              com.bda.projectpulse                 I  ProjectRepository: Processing document: dtPbjdN2RbNOwEORdA4e
2025-04-11 00:59:35.536 16428-16428 System.out              com.bda.projectpulse                 I  ProjectRepository: Successfully parsed project: not test 
2025-04-11 00:59:35.537 16428-16428 System.out              com.bda.projectpulse                 I  ProjectRepository: Processing document: 0qZ55ozPEZCCwsyq5vfo
2025-04-11 00:59:35.537 16428-16428 System.out              com.bda.projectpulse                 I  ProjectRepository: Successfully parsed project: Offline
2025-04-11 00:59:35.537 16428-16428 System.out              com.bda.projectpulse                 I  ProjectRepository: Processing document: zi9259O4I9n32z07XJYx
2025-04-11 00:59:35.537 16428-16428 System.out              com.bda.projectpulse                 I  ProjectRepository: Successfully parsed project: demo
2025-04-11 00:59:35.538 16428-16428 System.out              com.bda.projectpulse                 I  ProjectRepository: Emitting 3 projects
2025-04-11 00:59:35.538 16428-16428 System.out              com.bda.projectpulse                 I  ProjectViewModel: Projects loaded: 3
2025-04-11 00:59:35.538 16428-16428 System.out              com.bda.projectpulse                 I  ProjectRepository: Received projects snapshot
2025-04-11 00:59:35.538 16428-16428 System.out              com.bda.projectpulse                 I  ProjectRepository: Snapshot metadata: SnapshotMetadata{hasPendingWrites=false, isFromCache=true}
2025-04-11 00:59:35.538 16428-16428 System.out              com.bda.projectpulse                 I  ProjectRepository: Snapshot size: 3
2025-04-11 00:59:35.539 16428-16428 System.out              com.bda.projectpulse                 I  ProjectRepository: Processing document: dtPbjdN2RbNOwEORdA4e
2025-04-11 00:59:35.539 16428-16428 System.out              com.bda.projectpulse                 I  ProjectRepository: Successfully parsed project: not test 
2025-04-11 00:59:35.539 16428-16428 System.out              com.bda.projectpulse                 I  ProjectRepository: Processing document: 0qZ55ozPEZCCwsyq5vfo
2025-04-11 00:59:35.539 16428-16428 System.out              com.bda.projectpulse                 I  ProjectRepository: Successfully parsed project: Offline
2025-04-11 00:59:35.539 16428-16428 System.out              com.bda.projectpulse                 I  ProjectRepository: Processing document: zi9259O4I9n32z07XJYx
2025-04-11 00:59:35.539 16428-16428 System.out              com.bda.projectpulse                 I  ProjectRepository: Successfully parsed project: demo
2025-04-11 00:59:35.540 16428-16428 System.out              com.bda.projectpulse                 I  ProjectRepository: Emitting 3 projects
2025-04-11 00:59:35.540 16428-16428 System.out              com.bda.projectpulse                 I  ProjectViewModel: Projects loaded: 3
2025-04-11 00:59:37.740 16428-16490 ProfileInstaller        com.bda.projectpulse                 D  Installing profile for com.bda.projectpulse
2025-04-11 01:01:30.356 16428-16428 System.out              com.bda.projectpulse                 I  ProjectViewModel: Initializing
2025-04-11 01:01:30.357 16428-16428 System.out              com.bda.projectpulse                 I  ProjectViewModel: Current user ID: bQn67H2vIKVA6btfWJm3UroA9Bk2
2025-04-11 01:01:30.357 16428-16428 System.out              com.bda.projectpulse                 I  ProjectViewModel: Loading projects
2025-04-11 01:01:30.358 16428-16428 System.out              com.bda.projectpulse                 I  ProjectViewModel: Loading users
2025-04-11 01:01:30.358 16428-16428 System.out              com.bda.projectpulse                 I  ProjectViewModel: Loading current user
2025-04-11 01:01:30.400 16428-16428 WindowOnBackDispatcher  com.bda.projectpulse                 W  OnBackInvokedCallback is not enabled for the application.
                                                                                                    Set 'android:enableOnBackInvokedCallback="true"' in the application manifest.
2025-04-11 01:01:30.458 16428-16428 System.out              com.bda.projectpulse                 I  ProjectViewModel: Loading project by ID: 0qZ55ozPEZCCwsyq5vfo
2025-04-11 01:01:30.462 16428-16428 System.out              com.bda.projectpulse                 I  ProjectViewModel: Loading users
2025-04-11 01:01:30.471 16428-16451 EGL_emulation           com.bda.projectpulse                 D  app_time_stats: avg=5778.05ms min=1.56ms max=114689.52ms count=20
2025-04-11 01:01:30.870 16428-16428 Firestore               com.bda.projectpulse                 W  (24.10.2) [CustomClassMapper]: No setter/field for fcmToken found on class com.bda.projectpulse.models.User
2025-04-11 01:01:30.871 16428-16428 System.out              com.bda.projectpulse                 I  ProjectViewModel: Current user for projects: User1, role: USER
2025-04-11 01:01:30.871 16428-16428 System.out              com.bda.projectpulse                 I  ProjectRepository: Setting up projects listener
2025-04-11 01:01:30.872 16428-16428 System.out              com.bda.projectpulse                 I  ProjectRepository: User role is USER, isAdmin: false
2025-04-11 01:01:30.875 16428-16428 Firestore               com.bda.projectpulse                 W  (24.10.2) [CustomClassMapper]: No setter/field for fcmToken found on class com.bda.projectpulse.models.User
2025-04-11 01:01:30.875 16428-16428 System.out              com.bda.projectpulse                 I  ProjectViewModel: Current user loaded: bQn67H2vIKVA6btfWJm3UroA9Bk2
2025-04-11 01:01:30.876 16428-16428 Firestore               com.bda.projectpulse                 W  (24.10.2) [CustomClassMapper]: No setter/field for fcmToken found on class com.bda.projectpulse.models.User
2025-04-11 01:01:30.905 16428-16428 Firestore               com.bda.projectpulse                 W  (24.10.2) [CustomClassMapper]: No setter/field for fcmToken found on class com.bda.projectpulse.models.User
2025-04-11 01:01:30.907 16428-16428 Firestore               com.bda.projectpulse                 W  (24.10.2) [CustomClassMapper]: No setter/field for fcmToken found on class com.bda.projectpulse.models.User
2025-04-11 01:01:30.908 16428-16428 System.out              com.bda.projectpulse                 I  ProjectViewModel: Users loaded: 4
2025-04-11 01:01:30.917 16428-16428 Firestore               com.bda.projectpulse                 W  (24.10.2) [CustomClassMapper]: No setter/field for fcmToken found on class com.bda.projectpulse.models.User
2025-04-11 01:01:30.919 16428-16428 Firestore               com.bda.projectpulse                 W  (24.10.2) [CustomClassMapper]: No setter/field for fcmToken found on class com.bda.projectpulse.models.User
2025-04-11 01:01:30.920 16428-16428 System.out              com.bda.projectpulse                 I  ProjectViewModel: Users loaded: 4
2025-04-11 01:01:30.971 16428-16428 System.out              com.bda.projectpulse                 I  ProjectRepository: Received projects snapshot
2025-04-11 01:01:30.971 16428-16428 System.out              com.bda.projectpulse                 I  ProjectRepository: Snapshot metadata: SnapshotMetadata{hasPendingWrites=false, isFromCache=false}
2025-04-11 01:01:30.971 16428-16428 System.out              com.bda.projectpulse                 I  ProjectRepository: Snapshot size: 3
2025-04-11 01:01:30.972 16428-16428 System.out              com.bda.projectpulse                 I  ProjectRepository: Processing document: dtPbjdN2RbNOwEORdA4e
2025-04-11 01:01:30.973 16428-16428 System.out              com.bda.projectpulse                 I  ProjectRepository: Successfully parsed project: not test 
2025-04-11 01:01:30.973 16428-16428 System.out              com.bda.projectpulse                 I  ProjectRepository: Processing document: 0qZ55ozPEZCCwsyq5vfo
2025-04-11 01:01:30.974 16428-16428 System.out              com.bda.projectpulse                 I  ProjectRepository: Successfully parsed project: Offline
2025-04-11 01:01:30.975 16428-16428 System.out              com.bda.projectpulse                 I  ProjectRepository: Processing document: zi9259O4I9n32z07XJYx
2025-04-11 01:01:30.975 16428-16428 System.out              com.bda.projectpulse                 I  ProjectRepository: Successfully parsed project: demo
2025-04-11 01:01:30.975 16428-16428 System.out              com.bda.projectpulse                 I  ProjectRepository: Emitting 3 projects
2025-04-11 01:01:30.975 16428-16428 System.out              com.bda.projectpulse                 I  ProjectViewModel: Projects loaded: 3
2025-04-11 01:01:31.119 16428-16428 System.out              com.bda.projectpulse                 I  ProjectViewModel: Project loaded: Offline
2025-04-11 01:01:31.609 16428-16451 EGL_emulation           com.bda.projectpulse                 D  app_time_stats: avg=15.89ms min=2.56ms max=159.13ms count=53
2025-04-11 01:01:31.905 16428-16428 System.out              com.bda.projectpulse                 I  ProjectViewModel: Loading projects
2025-04-11 01:01:31.907 16428-16428 System.out              com.bda.projectpulse                 I  ProjectViewModel: Loading current user
2025-04-11 01:01:32.373 16428-16428 Firestore               com.bda.projectpulse                 W  (24.10.2) [CustomClassMapper]: No setter/field for fcmToken found on class com.bda.projectpulse.models.User
2025-04-11 01:01:32.374 16428-16428 System.out              com.bda.projectpulse                 I  ProjectViewModel: Current user for projects: User1, role: USER
2025-04-11 01:01:32.374 16428-16428 System.out              com.bda.projectpulse                 I  ProjectRepository: Setting up projects listener
2025-04-11 01:01:32.374 16428-16428 System.out              com.bda.projectpulse                 I  ProjectRepository: User role is USER, isAdmin: false
2025-04-11 01:01:32.375 16428-16428 Firestore               com.bda.projectpulse                 W  (24.10.2) [CustomClassMapper]: No setter/field for fcmToken found on class com.bda.projectpulse.models.User
2025-04-11 01:01:32.376 16428-16428 System.out              com.bda.projectpulse                 I  ProjectViewModel: Current user loaded: bQn67H2vIKVA6btfWJm3UroA9Bk2
2025-04-11 01:01:32.392 16428-16428 System.out              com.bda.projectpulse                 I  ProjectRepository: Received projects snapshot
2025-04-11 01:01:32.393 16428-16428 System.out              com.bda.projectpulse                 I  ProjectRepository: Snapshot metadata: SnapshotMetadata{hasPendingWrites=false, isFromCache=false}
2025-04-11 01:01:32.393 16428-16428 System.out              com.bda.projectpulse                 I  ProjectRepository: Snapshot size: 3
2025-04-11 01:01:32.394 16428-16428 System.out              com.bda.projectpulse                 I  ProjectRepository: Processing document: dtPbjdN2RbNOwEORdA4e
2025-04-11 01:01:32.395 16428-16428 System.out              com.bda.projectpulse                 I  ProjectRepository: Successfully parsed project: not test 
2025-04-11 01:01:32.395 16428-16428 System.out              com.bda.projectpulse                 I  ProjectRepository: Processing document: 0qZ55ozPEZCCwsyq5vfo
2025-04-11 01:01:32.395 16428-16428 System.out              com.bda.projectpulse                 I  ProjectRepository: Successfully parsed project: Offline
2025-04-11 01:01:32.396 16428-16428 System.out              com.bda.projectpulse                 I  ProjectRepository: Processing document: zi9259O4I9n32z07XJYx
2025-04-11 01:01:32.396 16428-16428 System.out              com.bda.projectpulse                 I  ProjectRepository: Successfully parsed project: demo
2025-04-11 01:01:32.396 16428-16428 System.out              com.bda.projectpulse                 I  ProjectRepository: Emitting 3 projects
2025-04-11 01:01:32.397 16428-16428 System.out              com.bda.projectpulse                 I  ProjectViewModel: Projects loaded: 3
2025-04-11 01:01:32.635 16428-16428 System.out              com.bda.projectpulse                 I  ProjectRepository: Closing projects listener
2025-04-11 01:01:32.638 16428-16451 EGL_emulation           com.bda.projectpulse                 D  app_time_stats: avg=15.09ms min=2.92ms max=31.59ms count=60
2025-04-11 01:01:32.640 16428-16428 System.out              com.bda.projectpulse                 I  ProjectViewModel: Error loading projects: Job was cancelled
2025-04-11 01:01:32.870 16428-16428 System.out              com.bda.projectpulse                 I  ProjectViewModel: Initializing
2025-04-11 01:01:32.871 16428-16428 System.out              com.bda.projectpulse                 I  ProjectViewModel: Current user ID: bQn67H2vIKVA6btfWJm3UroA9Bk2
2025-04-11 01:01:32.872 16428-16428 System.out              com.bda.projectpulse                 I  ProjectViewModel: Loading projects
2025-04-11 01:01:32.872 16428-16428 System.out              com.bda.projectpulse                 I  ProjectViewModel: Loading users
2025-04-11 01:01:32.872 16428-16428 System.out              com.bda.projectpulse                 I  ProjectViewModel: Loading current user
2025-04-11 01:01:32.900 16428-16428 WindowOnBackDispatcher  com.bda.projectpulse                 W  OnBackInvokedCallback is not enabled for the application.
                                                                                                    Set 'android:enableOnBackInvokedCallback="true"' in the application manifest.
2025-04-11 01:01:32.942 16428-16428 System.out              com.bda.projectpulse                 I  ProjectViewModel: Loading project by ID: zi9259O4I9n32z07XJYx
2025-04-11 01:01:32.943 16428-16428 System.out              com.bda.projectpulse                 I  ProjectViewModel: Loading users
2025-04-11 01:01:33.363 16428-16428 Firestore               com.bda.projectpulse                 W  (24.10.2) [CustomClassMapper]: No setter/field for fcmToken found on class com.bda.projectpulse.models.User
2025-04-11 01:01:33.364 16428-16428 System.out              com.bda.projectpulse                 I  ProjectViewModel: Current user for projects: User1, role: USER
2025-04-11 01:01:33.365 16428-16428 System.out              com.bda.projectpulse                 I  ProjectRepository: Setting up projects listener
2025-04-11 01:01:33.365 16428-16428 System.out              com.bda.projectpulse                 I  ProjectRepository: User role is USER, isAdmin: false
2025-04-11 01:01:33.368 16428-16428 Firestore               com.bda.projectpulse                 W  (24.10.2) [CustomClassMapper]: No setter/field for fcmToken found on class com.bda.projectpulse.models.User
2025-04-11 01:01:33.369 16428-16428 System.out              com.bda.projectpulse                 I  ProjectViewModel: Current user loaded: bQn67H2vIKVA6btfWJm3UroA9Bk2
2025-04-11 01:01:33.372 16428-16428 Firestore               com.bda.projectpulse                 W  (24.10.2) [CustomClassMapper]: No setter/field for fcmToken found on class com.bda.projectpulse.models.User
2025-04-11 01:01:33.379 16428-16428 Firestore               com.bda.projectpulse                 W  (24.10.2) [CustomClassMapper]: No setter/field for fcmToken found on class com.bda.projectpulse.models.User
2025-04-11 01:01:33.381 16428-16428 Firestore               com.bda.projectpulse                 W  (24.10.2) [CustomClassMapper]: No setter/field for fcmToken found on class com.bda.projectpulse.models.User
2025-04-11 01:01:33.382 16428-16428 System.out              com.bda.projectpulse                 I  ProjectViewModel: Users loaded: 4
2025-04-11 01:01:33.386 16428-16428 Firestore               com.bda.projectpulse                 W  (24.10.2) [CustomClassMapper]: No setter/field for fcmToken found on class com.bda.projectpulse.models.User
2025-04-11 01:01:33.387 16428-16428 Firestore               com.bda.projectpulse                 W  (24.10.2) [CustomClassMapper]: No setter/field for fcmToken found on class com.bda.projectpulse.models.User
2025-04-11 01:01:33.387 16428-16428 System.out              com.bda.projectpulse                 I  ProjectViewModel: Users loaded: 4
2025-04-11 01:01:33.400 16428-16428 System.out              com.bda.projectpulse                 I  ProjectRepository: Received projects snapshot
2025-04-11 01:01:33.400 16428-16428 System.out              com.bda.projectpulse                 I  ProjectRepository: Snapshot metadata: SnapshotMetadata{hasPendingWrites=false, isFromCache=false}
2025-04-11 01:01:33.400 16428-16428 System.out              com.bda.projectpulse                 I  ProjectRepository: Snapshot size: 3
2025-04-11 01:01:33.401 16428-16428 System.out              com.bda.projectpulse                 I  ProjectRepository: Processing document: dtPbjdN2RbNOwEORdA4e
2025-04-11 01:01:33.401 16428-16428 System.out              com.bda.projectpulse                 I  ProjectRepository: Successfully parsed project: not test 
2025-04-11 01:01:33.402 16428-16428 System.out              com.bda.projectpulse                 I  ProjectRepository: Processing document: 0qZ55ozPEZCCwsyq5vfo
2025-04-11 01:01:33.403 16428-16428 System.out              com.bda.projectpulse                 I  ProjectRepository: Successfully parsed project: Offline
2025-04-11 01:01:33.403 16428-16428 System.out              com.bda.projectpulse                 I  ProjectRepository: Processing document: zi9259O4I9n32z07XJYx
2025-04-11 01:01:33.404 16428-16428 System.out              com.bda.projectpulse                 I  ProjectRepository: Successfully parsed project: demo
2025-04-11 01:01:33.404 16428-16428 System.out              com.bda.projectpulse                 I  ProjectRepository: Emitting 3 projects
2025-04-11 01:01:33.404 16428-16428 System.out              com.bda.projectpulse                 I  ProjectViewModel: Projects loaded: 3
2025-04-11 01:01:33.449 16428-16428 System.out              com.bda.projectpulse                 I  ProjectViewModel: Project loaded: demo
2025-04-11 01:01:33.651 16428-16451 EGL_emulation           com.bda.projectpulse                 D  app_time_stats: avg=18.49ms min=2.95ms max=148.53ms count=50
2025-04-11 01:01:34.831 16428-16451 EGL_emulation           com.bda.projectpulse                 D  app_time_stats: avg=384.04ms min=9.14ms max=1132.43ms count=3
2025-04-11 01:01:34.946 16428-16428 System.out              com.bda.projectpulse                 I  ProjectViewModel: Initializing
2025-04-11 01:01:34.948 16428-16428 System.out              com.bda.projectpulse                 I  ProjectViewModel: Current user ID: bQn67H2vIKVA6btfWJm3UroA9Bk2
2025-04-11 01:01:34.948 16428-16428 System.out              com.bda.projectpulse                 I  ProjectViewModel: Loading projects
2025-04-11 01:01:34.949 16428-16428 System.out              com.bda.projectpulse                 I  ProjectViewModel: Loading users
2025-04-11 01:01:34.950 16428-16428 System.out              com.bda.projectpulse                 I  ProjectViewModel: Loading current user
2025-04-11 01:01:35.022 16428-16428 System.out              com.bda.projectpulse                 I  ProjectViewModel: Loading project by ID: zi9259O4I9n32z07XJYx
2025-04-11 01:01:35.423 16428-16428 Firestore               com.bda.projectpulse                 W  (24.10.2) [CustomClassMapper]: No setter/field for fcmToken found on class com.bda.projectpulse.models.User
2025-04-11 01:01:35.424 16428-16428 System.out              com.bda.projectpulse                 I  ProjectViewModel: Current user for projects: User1, role: USER
2025-04-11 01:01:35.424 16428-16428 System.out              com.bda.projectpulse                 I  ProjectRepository: Setting up projects listener
2025-04-11 01:01:35.425 16428-16428 System.out              com.bda.projectpulse                 I  ProjectRepository: User role is USER, isAdmin: false
2025-04-11 01:01:35.426 16428-16428 Firestore               com.bda.projectpulse                 W  (24.10.2) [CustomClassMapper]: No setter/field for fcmToken found on class com.bda.projectpulse.models.User
2025-04-11 01:01:35.426 16428-16428 System.out              com.bda.projectpulse                 I  ProjectViewModel: Current user loaded: bQn67H2vIKVA6btfWJm3UroA9Bk2
2025-04-11 01:01:35.427 16428-16428 Firestore               com.bda.projectpulse                 W  (24.10.2) [CustomClassMapper]: No setter/field for fcmToken found on class com.bda.projectpulse.models.User
2025-04-11 01:01:35.431 16428-16428 Firestore               com.bda.projectpulse                 W  (24.10.2) [CustomClassMapper]: No setter/field for fcmToken found on class com.bda.projectpulse.models.User
2025-04-11 01:01:35.432 16428-16428 Firestore               com.bda.projectpulse                 W  (24.10.2) [CustomClassMapper]: No setter/field for fcmToken found on class com.bda.projectpulse.models.User
2025-04-11 01:01:35.432 16428-16428 System.out              com.bda.projectpulse                 I  ProjectViewModel: Users loaded: 4
2025-04-11 01:01:35.470 16428-16428 System.out              com.bda.projectpulse                 I  ProjectRepository: Received projects snapshot
2025-04-11 01:01:35.470 16428-16428 System.out              com.bda.projectpulse                 I  ProjectRepository: Snapshot metadata: SnapshotMetadata{hasPendingWrites=false, isFromCache=false}
2025-04-11 01:01:35.470 16428-16428 System.out              com.bda.projectpulse                 I  ProjectRepository: Snapshot size: 3
2025-04-11 01:01:35.470 16428-16428 System.out              com.bda.projectpulse                 I  ProjectRepository: Processing document: dtPbjdN2RbNOwEORdA4e
2025-04-11 01:01:35.470 16428-16428 System.out              com.bda.projectpulse                 I  ProjectRepository: Successfully parsed project: not test 
2025-04-11 01:01:35.471 16428-16428 System.out              com.bda.projectpulse                 I  ProjectRepository: Processing document: 0qZ55ozPEZCCwsyq5vfo
2025-04-11 01:01:35.471 16428-16428 System.out              com.bda.projectpulse                 I  ProjectRepository: Successfully parsed project: Offline
2025-04-11 01:01:35.471 16428-16428 System.out              com.bda.projectpulse                 I  ProjectRepository: Processing document: zi9259O4I9n32z07XJYx
2025-04-11 01:01:35.471 16428-16428 System.out              com.bda.projectpulse                 I  ProjectRepository: Successfully parsed project: demo
2025-04-11 01:01:35.471 16428-16428 System.out              com.bda.projectpulse                 I  ProjectRepository: Emitting 3 projects
2025-04-11 01:01:35.472 16428-16428 System.out              com.bda.projectpulse                 I  ProjectViewModel: Projects loaded: 3
2025-04-11 01:01:35.520 16428-16428 System.out              com.bda.projectpulse                 I  ProjectViewModel: Project loaded: demo
2025-04-11 01:21:04.289 16721-16721 da.projectpulse         com.bda.projectpulse                 I  Late-enabling -Xcheck:jni
2025-04-11 01:21:04.915 16721-16721 da.projectpulse         com.bda.projectpulse                 I  Using CollectorTypeCMC GC.
2025-04-11 01:21:04.917 16721-16721 da.projectpulse         com.bda.projectpulse                 W  Unexpected CPU variant for x86: x86_64.
                                                                                                    Known variants: atom, sandybridge, silvermont, goldmont, goldmont-plus, goldmont-without-sha-xsaves, tremont, kabylake, default
2025-04-11 01:21:05.009 16721-16721 nativeloader            com.bda.projectpulse                 D  Load libframework-connectivity-tiramisu-jni.so using APEX ns com_android_tethering for caller /apex/com.android.tethering/javalib/framework-connectivity-t.jar: ok
2025-04-11 01:21:05.137 16721-16721 re-initialized>         com.bda.projectpulse                 W  type=1400 audit(0.0:2808): avc:  granted  { execute } for  path="/data/data/com.bda.projectpulse/code_cache/startup_agents/ab97b32d-agent.so" dev="dm-46" ino=362613 scontext=u:r:untrusted_app:s0:c211,c256,c512,c768 tcontext=u:object_r:app_data_file:s0:c211,c256,c512,c768 tclass=file app=com.bda.projectpulse
2025-04-11 01:21:05.165 16721-16721 nativeloader            com.bda.projectpulse                 D  Load /data/user/0/com.bda.projectpulse/code_cache/startup_agents/ab97b32d-agent.so using system ns (caller=<unknown>): ok
2025-04-11 01:21:05.230 16721-16721 da.projectpulse         com.bda.projectpulse                 W  DexFile /data/data/com.bda.projectpulse/code_cache/.studio/instruments-89515471.jar is in boot class path but is not in a known location
2025-04-11 01:21:05.536 16721-16721 da.projectpulse         com.bda.projectpulse                 W  Redefining intrinsic method java.lang.Thread java.lang.Thread.currentThread(). This may cause the unexpected use of the original definition of java.lang.Thread java.lang.Thread.currentThread()in methods that have already been compiled.
2025-04-11 01:21:05.536 16721-16721 da.projectpulse         com.bda.projectpulse                 W  Redefining intrinsic method boolean java.lang.Thread.interrupted(). This may cause the unexpected use of the original definition of boolean java.lang.Thread.interrupted()in methods that have already been compiled.
2025-04-11 01:21:05.677 16721-16721 CompatChangeReporter    com.bda.projectpulse                 D  Compat change id reported: 242716250; UID 10211; state: ENABLED
2025-04-11 01:21:05.759 16721-16721 ziparchive              com.bda.projectpulse                 W  Unable to open '/data/data/com.bda.projectpulse/code_cache/.overlay/base.apk/classes11.dm': No such file or directory
2025-04-11 01:21:05.822 16721-16721 ziparchive              com.bda.projectpulse                 W  Unable to open '/data/data/com.bda.projectpulse/code_cache/.overlay/base.apk/classes12.dm': No such file or directory
2025-04-11 01:21:05.835 16721-16721 ziparchive              com.bda.projectpulse                 W  Unable to open '/data/data/com.bda.projectpulse/code_cache/.overlay/base.apk/classes13.dm': No such file or directory
2025-04-11 01:21:05.838 16721-16721 ziparchive              com.bda.projectpulse                 W  Unable to open '/data/data/com.bda.projectpulse/code_cache/.overlay/base.apk/classes14.dm': No such file or directory
2025-04-11 01:21:05.840 16721-16721 ziparchive              com.bda.projectpulse                 W  Unable to open '/data/data/com.bda.projectpulse/code_cache/.overlay/base.apk/classes15.dm': No such file or directory
2025-04-11 01:21:05.847 16721-16721 ziparchive              com.bda.projectpulse                 W  Unable to open '/data/data/com.bda.projectpulse/code_cache/.overlay/base.apk/classes3.dm': No such file or directory
2025-04-11 01:21:05.848 16721-16721 ziparchive              com.bda.projectpulse                 W  Unable to open '/data/data/com.bda.projectpulse/code_cache/.overlay/base.apk/classes4.dm': No such file or directory
2025-04-11 01:21:05.858 16721-16721 ziparchive              com.bda.projectpulse                 W  Unable to open '/data/data/com.bda.projectpulse/code_cache/.overlay/base.apk/classes7.dm': No such file or directory
2025-04-11 01:21:05.863 16721-16721 ziparchive              com.bda.projectpulse                 W  Unable to open '/data/app/~~QFWkd8VeyXL2cfuVhmDXqA==/com.bda.projectpulse-RAsHTzIhlBHHODTipAelSw==/base.dm': No such file or directory
2025-04-11 01:21:05.863 16721-16721 ziparchive              com.bda.projectpulse                 W  Unable to open '/data/app/~~QFWkd8VeyXL2cfuVhmDXqA==/com.bda.projectpulse-RAsHTzIhlBHHODTipAelSw==/base.dm': No such file or directory
2025-04-11 01:21:07.190 16721-16721 nativeloader            com.bda.projectpulse                 D  Configuring clns-7 for other apk /data/app/~~QFWkd8VeyXL2cfuVhmDXqA==/com.bda.projectpulse-RAsHTzIhlBHHODTipAelSw==/base.apk. target_sdk_version=34, uses_libraries=, library_path=/data/app/~~QFWkd8VeyXL2cfuVhmDXqA==/com.bda.projectpulse-RAsHTzIhlBHHODTipAelSw==/lib/x86_64, permitted_path=/data:/mnt/expand:/data/user/0/com.bda.projectpulse
2025-04-11 01:21:07.232 16721-16721 GraphicsEnvironment     com.bda.projectpulse                 V  Currently set values for:
2025-04-11 01:21:07.232 16721-16721 GraphicsEnvironment     com.bda.projectpulse                 V    angle_gl_driver_selection_pkgs=[]
2025-04-11 01:21:07.232 16721-16721 GraphicsEnvironment     com.bda.projectpulse                 V    angle_gl_driver_selection_values=[]
2025-04-11 01:21:07.233 16721-16721 GraphicsEnvironment     com.bda.projectpulse                 V  Global.Settings values are invalid: number of packages: 0, number of values: 0
2025-04-11 01:21:07.233 16721-16721 GraphicsEnvironment     com.bda.projectpulse                 V  Neither updatable production driver nor prerelease driver is supported.
2025-04-11 01:21:07.346 16721-16721 FirebaseApp             com.bda.projectpulse                 I  Device unlocked: initializing all Firebase APIs for app [DEFAULT]
2025-04-11 01:21:07.349 16721-16721 CompatChangeReporter    com.bda.projectpulse                 D  Compat change id reported: 3400644; UID 10211; state: ENABLED
2025-04-11 01:21:07.503 16721-16721 FirebaseInitProvider    com.bda.projectpulse                 I  FirebaseApp initialization successful
2025-04-11 01:21:07.562 16721-16770 ziparchive              com.bda.projectpulse                 W  Unable to open '/data/user_de/0/com.google.android.gms/app_chimera/m/00000002/DynamiteLoader.uncompressed.dm': No such file or directory
2025-04-11 01:21:07.562 16721-16770 ziparchive              com.bda.projectpulse                 W  Unable to open '/data/user_de/0/com.google.android.gms/app_chimera/m/00000002/DynamiteLoader.uncompressed.dm': No such file or directory
2025-04-11 01:21:07.605 16721-16770 DynamiteModule          com.bda.projectpulse                 I  Considering local module com.google.android.gms.measurement.dynamite:100 and remote module com.google.android.gms.measurement.dynamite:115
2025-04-11 01:21:07.605 16721-16770 DynamiteModule          com.bda.projectpulse                 I  Selected remote version of com.google.android.gms.measurement.dynamite, version >= 115
2025-04-11 01:21:07.607 16721-16770 DynamiteModule          com.bda.projectpulse                 V  Dynamite loader version >= 2, using loadModule2NoCrashUtils
2025-04-11 01:21:07.710 16721-16770 ziparchive              com.bda.projectpulse                 W  Unable to open '/data/user_de/0/com.google.android.gms/app_chimera/m/00000007/MeasurementDynamite.dm': No such file or directory
2025-04-11 01:21:07.711 16721-16770 ziparchive              com.bda.projectpulse                 W  Unable to open '/data/user_de/0/com.google.android.gms/app_chimera/m/00000007/MeasurementDynamite.dm': No such file or directory
2025-04-11 01:21:07.862 16721-16721 HWUI                    com.bda.projectpulse                 W  Unknown dataspace 0
2025-04-11 01:21:07.905 16721-16776 FA                      com.bda.projectpulse                 I  App measurement initialized, version: 95014
2025-04-11 01:21:07.905 16721-16776 FA                      com.bda.projectpulse                 I  To enable debug logging run: adb shell setprop log.tag.FA VERBOSE
2025-04-11 01:21:07.907 16721-16776 FA                      com.bda.projectpulse                 I  To enable faster debug mode event logging run:
                                                                                                      adb shell setprop debug.firebase.analytics.app com.bda.projectpulse
2025-04-11 01:21:08.387 16721-16721 da.projectpulse         com.bda.projectpulse                 W  Method java.lang.Object androidx.compose.runtime.snapshots.SnapshotStateMap.mutate(kotlin.jvm.functions.Function1) failed lock verification and will run slower.
                                                                                                    Common causes for lock verification issues are non-optimized dex code
                                                                                                    and incorrect proguard optimizations.
2025-04-11 01:21:08.387 16721-16721 da.projectpulse         com.bda.projectpulse                 W  Method void androidx.compose.runtime.snapshots.SnapshotStateMap.update(kotlin.jvm.functions.Function1) failed lock verification and will run slower.
2025-04-11 01:21:08.388 16721-16721 da.projectpulse         com.bda.projectpulse                 W  Method boolean androidx.compose.runtime.snapshots.SnapshotStateMap.removeIf$runtime_release(kotlin.jvm.functions.Function1) failed lock verification and will run slower.
2025-04-11 01:21:08.574 16721-16776 FA                      com.bda.projectpulse                 I  Tag Manager is not found and thus will not be used
2025-04-11 01:21:08.872 16721-16728 da.projectpulse         com.bda.projectpulse                 I  Compiler allocated 5174KB to compile void android.view.ViewRootImpl.performTraversals()
2025-04-11 01:21:08.907 16721-16721 da.projectpulse         com.bda.projectpulse                 W  Method boolean androidx.compose.runtime.snapshots.SnapshotStateList.conditionalUpdate(kotlin.jvm.functions.Function1) failed lock verification and will run slower.
2025-04-11 01:21:08.907 16721-16721 da.projectpulse         com.bda.projectpulse                 W  Method java.lang.Object androidx.compose.runtime.snapshots.SnapshotStateList.mutate(kotlin.jvm.functions.Function1) failed lock verification and will run slower.
2025-04-11 01:21:08.908 16721-16721 da.projectpulse         com.bda.projectpulse                 W  Method void androidx.compose.runtime.snapshots.SnapshotStateList.update(kotlin.jvm.functions.Function1) failed lock verification and will run slower.
2025-04-11 01:21:09.266 16721-16786 DynamiteModule          com.bda.projectpulse                 W  Local module descriptor class for com.google.android.gms.providerinstaller.dynamite not found.
2025-04-11 01:21:09.285 16721-16786 DynamiteModule          com.bda.projectpulse                 I  Considering local module com.google.android.gms.providerinstaller.dynamite:0 and remote module com.google.android.gms.providerinstaller.dynamite:0
2025-04-11 01:21:09.286 16721-16786 ProviderInstaller       com.bda.projectpulse                 W  Failed to load providerinstaller module: No acceptable module com.google.android.gms.providerinstaller.dynamite found. Local version is 0 and remote version is 0.
2025-04-11 01:21:09.288 16721-16786 ApplicationLoaders      com.bda.projectpulse                 D  Returning zygote-cached class loader: /system/framework/org.apache.http.legacy.jar
2025-04-11 01:21:09.360 16721-16786 nativeloader            com.bda.projectpulse                 D  Configuring clns-8 for other apk /system/framework/com.android.media.remotedisplay.jar. target_sdk_version=34, uses_libraries=ALL, library_path=/product/priv-app/PrebuiltGmsCore/lib/x86_64:/product/priv-app/PrebuiltGmsCore/PrebuiltGmsCore.apk!/lib/x86_64, permitted_path=/data:/mnt/expand:/data/user/0/com.google.android.gms
2025-04-11 01:21:09.387 16721-16786 nativeloader            com.bda.projectpulse                 D  Configuring clns-9 for other apk /system/framework/com.android.location.provider.jar. target_sdk_version=34, uses_libraries=ALL, library_path=/product/priv-app/PrebuiltGmsCore/lib/x86_64:/product/priv-app/PrebuiltGmsCore/PrebuiltGmsCore.apk!/lib/x86_64, permitted_path=/data:/mnt/expand:/data/user/0/com.google.android.gms
2025-04-11 01:21:09.392 16721-16786 ApplicationLoaders      com.bda.projectpulse                 D  Returning zygote-cached class loader: /system_ext/framework/androidx.window.extensions.jar
2025-04-11 01:21:09.393 16721-16786 ApplicationLoaders      com.bda.projectpulse                 D  Returning zygote-cached class loader: /system_ext/framework/androidx.window.sidecar.jar
2025-04-11 01:21:09.411 16721-16786 nativeloader            com.bda.projectpulse                 D  InitLlndkLibrariesProduct: libEGL.so:libGLESv1_CM.so:libGLESv2.so:libGLESv3.so:libRS.so:libandroid_net.so:libapexsupport.so:libbinder_ndk.so:libc.so:libcgrouprc.so:libclang_rt.asan-x86_64-android.so:libcom.android.tethering.connectivity_native.so:libdl.so:libft2.so:liblog.so:libm.so:libmediandk.so:libnativewindow.so:libneuralnetworks.so:libselinux.so:libsync.so:libvendorsupport.so:libvndksupport.so:libvulkan.so
2025-04-11 01:21:09.411 16721-16786 nativeloader            com.bda.projectpulse                 D  Configuring product-clns-10 for unbundled product apk /product/priv-app/PrebuiltGmsCore/PrebuiltGmsCore.apk. target_sdk_version=34, uses_libraries=, library_path=/product/priv-app/PrebuiltGmsCore/lib/x86_64:/product/priv-app/PrebuiltGmsCore/PrebuiltGmsCore.apk!/lib/x86_64:/product/lib64:/system/product/lib64, permitted_path=/data:/mnt/expand:/data/user/0/com.google.android.gms:/product/lib64:/system/product/lib64
2025-04-11 01:21:09.431 16721-16786 nativeloader            com.bda.projectpulse                 D  InitVndkspLibrariesProduct: VNDK is deprecated with product
