2025-04-11 00:31:53.219 15594-15594 System.out              com.bda.projectpulse                 I  ProjectRepository: Successfully parsed project: demo
2025-04-11 00:31:53.219 15594-15594 System.out              com.bda.projectpulse                 I  ProjectRepository: Emitting 2 projects
2025-04-11 00:31:53.219 15594-15594 System.out              com.bda.projectpulse                 I  ProjectViewModel: Projects loaded: 2
2025-04-11 00:40:11.073 15594-15608 da.projectpulse         com.bda.projectpulse                 I  Background concurrent mark compact GC freed 8310KB AllocSpace bytes, 0(0B) LOS objects, 49% free, 8525KB/16MB, paused 2.275ms,57.232ms total 2.589s
2025-04-11 00:57:18.382 16287-16287 da.projectpulse         com.bda.projectpulse                 I  Late-enabling -Xcheck:jni
2025-04-11 00:57:19.152 16287-16287 da.projectpulse         com.bda.projectpulse                 I  Using CollectorTypeCMC GC.
2025-04-11 00:57:19.175 16287-16287 da.projectpulse         com.bda.projectpulse                 W  Unexpected CPU variant for x86: x86_64.
                                                                                                    Known variants: atom, sandybridge, silvermont, goldmont, goldmont-plus, goldmont-without-sha-xsaves, tremont, kabylake, default
2025-04-11 00:57:19.452 16287-16287 nativeloader            com.bda.projectpulse                 D  Load libframework-connectivity-tiramisu-jni.so using APEX ns com_android_tethering for caller /apex/com.android.tethering/javalib/framework-connectivity-t.jar: ok
2025-04-11 00:57:19.723 16287-16287 CompatChangeReporter    com.bda.projectpulse                 D  Compat change id reported: 242716250; UID 10211; state: ENABLED
2025-04-11 00:57:19.833 16287-16287 ziparchive              com.bda.projectpulse                 W  Unable to open '/data/app/~~QFWkd8VeyXL2cfuVhmDXqA==/com.bda.projectpulse-RAsHTzIhlBHHODTipAelSw==/base.dm': No such file or directory
2025-04-11 00:57:19.834 16287-16287 ziparchive              com.bda.projectpulse                 W  Unable to open '/data/app/~~QFWkd8VeyXL2cfuVhmDXqA==/com.bda.projectpulse-RAsHTzIhlBHHODTipAelSw==/base.dm': No such file or directory
2025-04-11 00:57:21.588 16287-16287 nativeloader            com.bda.projectpulse                 D  Configuring clns-7 for other apk /data/app/~~QFWkd8VeyXL2cfuVhmDXqA==/com.bda.projectpulse-RAsHTzIhlBHHODTipAelSw==/base.apk. target_sdk_version=34, uses_libraries=, library_path=/data/app/~~QFWkd8VeyXL2cfuVhmDXqA==/com.bda.projectpulse-RAsHTzIhlBHHODTipAelSw==/lib/x86_64, permitted_path=/data:/mnt/expand:/data/user/0/com.bda.projectpulse
2025-04-11 00:57:21.651 16287-16287 GraphicsEnvironment     com.bda.projectpulse                 V  Currently set values for:
2025-04-11 00:57:21.651 16287-16287 GraphicsEnvironment     com.bda.projectpulse                 V    angle_gl_driver_selection_pkgs=[]
2025-04-11 00:57:21.652 16287-16287 GraphicsEnvironment     com.bda.projectpulse                 V    angle_gl_driver_selection_values=[]
2025-04-11 00:57:21.652 16287-16287 GraphicsEnvironment     com.bda.projectpulse                 V  Global.Settings values are invalid: number of packages: 0, number of values: 0
2025-04-11 00:57:21.653 16287-16287 GraphicsEnvironment     com.bda.projectpulse                 V  Neither updatable production driver nor prerelease driver is supported.
2025-04-11 00:57:21.764 16287-16287 FirebaseApp             com.bda.projectpulse                 I  Device unlocked: initializing all Firebase APIs for app [DEFAULT]
2025-04-11 00:57:21.807 16287-16287 CompatChangeReporter    com.bda.projectpulse                 D  Compat change id reported: 3400644; UID 10211; state: ENABLED
2025-04-11 00:57:21.857 16287-16304 ziparchive              com.bda.projectpulse                 W  Unable to open '/data/user_de/0/com.google.android.gms/app_chimera/m/00000002/DynamiteLoader.uncompressed.dm': No such file or directory
2025-04-11 00:57:21.857 16287-16304 ziparchive              com.bda.projectpulse                 W  Unable to open '/data/user_de/0/com.google.android.gms/app_chimera/m/00000002/DynamiteLoader.uncompressed.dm': No such file or directory
2025-04-11 00:57:21.891 16287-16304 DynamiteModule          com.bda.projectpulse                 I  Considering local module com.google.android.gms.measurement.dynamite:100 and remote module com.google.android.gms.measurement.dynamite:115
2025-04-11 00:57:21.891 16287-16304 DynamiteModule          com.bda.projectpulse                 I  Selected remote version of com.google.android.gms.measurement.dynamite, version >= 115
2025-04-11 00:57:21.891 16287-16304 DynamiteModule          com.bda.projectpulse                 V  Dynamite loader version >= 2, using loadModule2NoCrashUtils
2025-04-11 00:57:21.896 16287-16287 FirebaseInitProvider    com.bda.projectpulse                 I  FirebaseApp initialization successful
2025-04-11 00:57:21.961 16287-16304 ziparchive              com.bda.projectpulse                 W  Unable to open '/data/user_de/0/com.google.android.gms/app_chimera/m/00000007/MeasurementDynamite.dm': No such file or directory
2025-04-11 00:57:21.961 16287-16304 ziparchive              com.bda.projectpulse                 W  Unable to open '/data/user_de/0/com.google.android.gms/app_chimera/m/00000007/MeasurementDynamite.dm': No such file or directory
2025-04-11 00:57:22.361 16287-16287 HWUI                    com.bda.projectpulse                 W  Unknown dataspace 0
2025-04-11 00:57:22.564 16287-16315 FA                      com.bda.projectpulse                 I  App measurement initialized, version: 95014
2025-04-11 00:57:22.564 16287-16315 FA                      com.bda.projectpulse                 I  To enable debug logging run: adb shell setprop log.tag.FA VERBOSE
2025-04-11 00:57:22.565 16287-16315 FA                      com.bda.projectpulse                 I  To enable faster debug mode event logging run:
                                                                                                      adb shell setprop debug.firebase.analytics.app com.bda.projectpulse
2025-04-11 00:57:23.043 16287-16287 da.projectpulse         com.bda.projectpulse                 W  Method java.lang.Object androidx.compose.runtime.snapshots.SnapshotStateMap.mutate(kotlin.jvm.functions.Function1) failed lock verification and will run slower.
                                                                                                    Common causes for lock verification issues are non-optimized dex code
                                                                                                    and incorrect proguard optimizations.
2025-04-11 00:57:23.044 16287-16287 da.projectpulse         com.bda.projectpulse                 W  Method void androidx.compose.runtime.snapshots.SnapshotStateMap.update(kotlin.jvm.functions.Function1) failed lock verification and will run slower.
2025-04-11 00:57:23.045 16287-16287 da.projectpulse         com.bda.projectpulse                 W  Method boolean androidx.compose.runtime.snapshots.SnapshotStateMap.removeIf$runtime_release(kotlin.jvm.functions.Function1) failed lock verification and will run slower.
2025-04-11 00:57:23.664 16287-16315 FA                      com.bda.projectpulse                 I  Tag Manager is not found and thus will not be used
2025-04-11 00:57:23.756 16287-16287 da.projectpulse         com.bda.projectpulse                 W  Method boolean androidx.compose.runtime.snapshots.SnapshotStateList.conditionalUpdate(kotlin.jvm.functions.Function1) failed lock verification and will run slower.
2025-04-11 00:57:23.756 16287-16287 da.projectpulse         com.bda.projectpulse                 W  Method java.lang.Object androidx.compose.runtime.snapshots.SnapshotStateList.mutate(kotlin.jvm.functions.Function1) failed lock verification and will run slower.
2025-04-11 00:57:23.757 16287-16287 da.projectpulse         com.bda.projectpulse                 W  Method void androidx.compose.runtime.snapshots.SnapshotStateList.update(kotlin.jvm.functions.Function1) failed lock verification and will run slower.
2025-04-11 00:57:23.870 16287-16292 da.projectpulse         com.bda.projectpulse                 I  Compiler allocated 5174KB to compile void android.view.ViewRootImpl.performTraversals()
2025-04-11 00:57:24.172 16287-16325 DynamiteModule          com.bda.projectpulse                 W  Local module descriptor class for com.google.android.gms.providerinstaller.dynamite not found.
2025-04-11 00:57:24.205 16287-16325 DynamiteModule          com.bda.projectpulse                 I  Considering local module com.google.android.gms.providerinstaller.dynamite:0 and remote module com.google.android.gms.providerinstaller.dynamite:0
2025-04-11 00:57:24.206 16287-16325 ProviderInstaller       com.bda.projectpulse                 W  Failed to load providerinstaller module: No acceptable module com.google.android.gms.providerinstaller.dynamite found. Local version is 0 and remote version is 0.
2025-04-11 00:57:24.208 16287-16325 ApplicationLoaders      com.bda.projectpulse                 D  Returning zygote-cached class loader: /system/framework/org.apache.http.legacy.jar
2025-04-11 00:57:24.240 16287-16325 nativeloader            com.bda.projectpulse                 D  Configuring clns-8 for other apk /system/framework/com.android.media.remotedisplay.jar. target_sdk_version=34, uses_libraries=ALL, library_path=/product/priv-app/PrebuiltGmsCore/lib/x86_64:/product/priv-app/PrebuiltGmsCore/PrebuiltGmsCore.apk!/lib/x86_64, permitted_path=/data:/mnt/expand:/data/user/0/com.google.android.gms
2025-04-11 00:57:24.271 16287-16325 nativeloader            com.bda.projectpulse                 D  Configuring clns-9 for other apk /system/framework/com.android.location.provider.jar. target_sdk_version=34, uses_libraries=ALL, library_path=/product/priv-app/PrebuiltGmsCore/lib/x86_64:/product/priv-app/PrebuiltGmsCore/PrebuiltGmsCore.apk!/lib/x86_64, permitted_path=/data:/mnt/expand:/data/user/0/com.google.android.gms
2025-04-11 00:57:24.276 16287-16325 ApplicationLoaders      com.bda.projectpulse                 D  Returning zygote-cached class loader: /system_ext/framework/androidx.window.extensions.jar
2025-04-11 00:57:24.276 16287-16325 ApplicationLoaders      com.bda.projectpulse                 D  Returning zygote-cached class loader: /system_ext/framework/androidx.window.sidecar.jar
2025-04-11 00:57:24.294 16287-16325 nativeloader            com.bda.projectpulse                 D  InitLlndkLibrariesProduct: libEGL.so:libGLESv1_CM.so:libGLESv2.so:libGLESv3.so:libRS.so:libandroid_net.so:libapexsupport.so:libbinder_ndk.so:libc.so:libcgrouprc.so:libclang_rt.asan-x86_64-android.so:libcom.android.tethering.connectivity_native.so:libdl.so:libft2.so:liblog.so:libm.so:libmediandk.so:libnativewindow.so:libneuralnetworks.so:libselinux.so:libsync.so:libvendorsupport.so:libvndksupport.so:libvulkan.so
2025-04-11 00:57:24.295 16287-16325 nativeloader            com.bda.projectpulse                 D  Configuring product-clns-10 for unbundled product apk /product/priv-app/PrebuiltGmsCore/PrebuiltGmsCore.apk. target_sdk_version=34, uses_libraries=, library_path=/product/priv-app/PrebuiltGmsCore/lib/x86_64:/product/priv-app/PrebuiltGmsCore/PrebuiltGmsCore.apk!/lib/x86_64:/product/lib64:/system/product/lib64, permitted_path=/data:/mnt/expand:/data/user/0/com.google.android.gms:/product/lib64:/system/product/lib64
2025-04-11 00:57:24.304 16287-16325 nativeloader            com.bda.projectpulse                 D  InitVndkspLibrariesProduct: VNDK is deprecated with product
2025-04-11 00:57:24.308 16287-16325 ProviderInstaller       com.bda.projectpulse                 W  Failed to report request stats: com.google.android.gms.common.security.ProviderInstallerImpl.reportRequestStats [class android.content.Context, long, long]
2025-04-11 00:57:24.591 16287-16325 nativeloader            com.bda.projectpulse                 D  Load /product/priv-app/PrebuiltGmsCore/PrebuiltGmsCore.apk!/lib/x86_64/libconscrypt_gmscore_jni.so using ns product-clns-10 from class loader (caller=/product/priv-app/PrebuiltGmsCore/PrebuiltGmsCore.apk!classes3.dex): ok
2025-04-11 00:57:24.645 16287-16325 NativeCrypto            com.bda.projectpulse                 V  Registering com/google/android/gms/org/conscrypt/NativeCrypto's 305 native methods...
2025-04-11 00:57:24.745 16287-16325 da.projectpulse         com.bda.projectpulse                 W  Accessing hidden method Ljava/security/spec/ECParameterSpec;->getCurveName()Ljava/lang/String; (unsupported, reflection, allowed)
2025-04-11 00:57:24.875 16287-16287 CompatChangeReporter    com.bda.projectpulse                 D  Compat change id reported: 289878283; UID 10211; state: ENABLED
2025-04-11 00:57:24.981 16287-16325 ProviderInstaller       com.bda.projectpulse                 I  Installed default security provider GmsCore_OpenSSL
2025-04-11 00:57:25.263 16287-16312 EGL_emulation           com.bda.projectpulse                 I  Opening libGLESv1_CM_emulation.so
2025-04-11 00:57:25.265 16287-16312 EGL_emulation           com.bda.projectpulse                 I  Opening libGLESv2_emulation.so
2025-04-11 00:57:25.320 16287-16292 da.projectpulse         com.bda.projectpulse                 I  Compiler allocated 5417KB to compile void android.view.ViewRootImpl.performTraversals()
2025-04-11 00:57:25.388 16287-16337 TrafficStats            com.bda.projectpulse                 D  tagSocket(130) with statsTag=0xffffffff, statsUid=-1
2025-04-11 00:57:25.495 16287-16337 da.projectpulse         com.bda.projectpulse                 W  Accessing hidden field Ljava/net/Socket;->impl:Ljava/net/SocketImpl; (unsupported, reflection, allowed)
2025-04-11 00:57:25.611 16287-16312 HWUI                    com.bda.projectpulse                 W  Failed to choose config with EGL_SWAP_BEHAVIOR_PRESERVED, retrying without...
2025-04-11 00:57:25.612 16287-16312 HWUI                    com.bda.projectpulse                 W  Failed to initialize 101010-2 format, error = EGL_SUCCESS
2025-04-11 00:57:25.831 16287-16337 da.projectpulse         com.bda.projectpulse                 W  Accessing hidden method Ljava/security/spec/ECParameterSpec;->setCurveName(Ljava/lang/String;)V (unsupported, reflection, allowed)
2025-04-11 00:57:25.873 16287-16312 Gralloc4                com.bda.projectpulse                 I  mapper 4.x is not supported
2025-04-11 00:57:26.241 16287-16298 HWUI                    com.bda.projectpulse                 I  Davey! duration=3790ms; Flags=1, FrameTimelineVsyncId=1158427, IntendedVsync=65338916581190, Vsync=65338949914522, InputEventId=0, HandleInputStart=65338961716100, AnimationStart=65338961739300, PerformTraversalsStart=65338961947700, DrawStart=65342479420800, FrameDeadline=65338933247856, FrameInterval=65338961699400, FrameStartTime=16666666, SyncQueued=65342518185800, SyncStart=65342549697200, IssueDrawCommandsStart=65342554209400, SwapBuffers=65342705917300, FrameCompleted=65342738698700, DequeueBufferDuration=23300, QueueBufferDuration=469100, GpuCompleted=65342738698700, SwapBuffersCompleted=65342713779000, DisplayPresentTime=16960825855817, CommandSubmissionCompleted=65342705917300, 
2025-04-11 00:57:26.291 16287-16287 AuthViewModel           com.bda.projectpulse                 E  Error getting user data
                                                                                                    kotlinx.coroutines.JobCancellationException: Job was cancelled; job=SupervisorJobImpl{Cancelling}@bb0c0d
2025-04-11 00:57:26.293 16287-16287 FirebaseAuthManager     com.bda.projectpulse                 E  Error checking for admin user
                                                                                                    kotlinx.coroutines.JobCancellationException: Job was cancelled; job=SupervisorJobImpl{Cancelling}@bb0c0d
2025-04-11 00:57:26.294 16287-16287 AuthViewModel           com.bda.projectpulse                 D  Checking for admin user. Has admin: false
2025-04-11 00:57:26.294 16287-16287 AuthViewModel           com.bda.projectpulse                 D  No admin exists, showing all roles
2025-04-11 00:57:26.302 16287-16287 Choreographer           com.bda.projectpulse                 I  Skipped 218 frames!  The application may be doing too much work on its main thread.
2025-04-11 00:57:26.372 16287-16287 System.out              com.bda.projectpulse                 I  ProjectViewModel: Initializing
2025-04-11 00:57:26.374 16287-16287 System.out              com.bda.projectpulse                 I  ProjectViewModel: Current user ID: bQn67H2vIKVA6btfWJm3UroA9Bk2
2025-04-11 00:57:26.374 16287-16287 System.out              com.bda.projectpulse                 I  ProjectViewModel: Loading projects
2025-04-11 00:57:26.375 16287-16287 System.out              com.bda.projectpulse                 I  ProjectViewModel: Loading users
2025-04-11 00:57:26.375 16287-16287 System.out              com.bda.projectpulse                 I  ProjectViewModel: Loading current user
2025-04-11 00:57:26.752 16287-16298 HWUI                    com.bda.projectpulse                 I  Davey! duration=4068ms; Flags=0, FrameTimelineVsyncId=1158442, IntendedVsync=65339183247846, Vsync=65342816581034, InputEventId=0, HandleInputStart=65342826364400, AnimationStart=65342826394700, PerformTraversalsStart=65342997329400, DrawStart=65342998494700, FrameDeadline=65342766581036, FrameInterval=65342825022900, FrameStartTime=16666666, SyncQueued=65343232112400, SyncStart=65343232177500, IssueDrawCommandsStart=65343232584500, SwapBuffers=65343233382900, FrameCompleted=65343251929800, DequeueBufferDuration=25400, QueueBufferDuration=558300, GpuCompleted=65343251929800, SwapBuffersCompleted=65343234314700, DisplayPresentTime=20611548058296, CommandSubmissionCompleted=65343233382900, 
2025-04-11 00:57:26.782 16287-16287 System.out              com.bda.projectpulse                 I  ProjectViewModel: Loading projects
2025-04-11 00:57:26.800 16287-16287 System.out              com.bda.projectpulse                 I  ProjectViewModel: Loading current user
2025-04-11 00:57:26.829 16287-16287 Choreographer           com.bda.projectpulse                 I  Skipped 31 frames!  The application may be doing too much work on its main thread.
2025-04-11 00:57:26.912 16287-16287 Firestore               com.bda.projectpulse                 W  (24.10.2) [CustomClassMapper]: No setter/field for fcmToken found on class com.bda.projectpulse.models.User
2025-04-11 00:57:26.912 16287-16287 System.out              com.bda.projectpulse                 I  ProjectViewModel: Current user for projects: User1, role: USER
2025-04-11 00:57:26.915 16287-16287 System.out              com.bda.projectpulse                 I  ProjectRepository: Setting up projects listener
2025-04-11 00:57:26.916 16287-16287 System.out              com.bda.projectpulse                 I  ProjectRepository: User role is USER, isAdmin: false
2025-04-11 00:57:26.920 16287-16287 Firestore               com.bda.projectpulse                 W  (24.10.2) [CustomClassMapper]: No setter/field for fcmToken found on class com.bda.projectpulse.models.User
2025-04-11 00:57:26.921 16287-16287 System.out              com.bda.projectpulse                 I  ProjectViewModel: Current user loaded: bQn67H2vIKVA6btfWJm3UroA9Bk2
2025-04-11 00:57:26.964 16287-16287 Firestore               com.bda.projectpulse                 W  (24.10.2) [CustomClassMapper]: No setter/field for fcmToken found on class com.bda.projectpulse.models.User
2025-04-11 00:57:26.989 16287-16287 Firestore               com.bda.projectpulse                 W  (24.10.2) [CustomClassMapper]: No setter/field for fcmToken found on class com.bda.projectpulse.models.User
2025-04-11 00:57:26.990 16287-16287 System.out              com.bda.projectpulse                 I  ProjectViewModel: Users loaded: 4
2025-04-11 00:57:27.106 16287-16287 System.out              com.bda.projectpulse                 I  ProjectRepository: Received projects snapshot
2025-04-11 00:57:27.106 16287-16287 System.out              com.bda.projectpulse                 I  ProjectRepository: Snapshot metadata: SnapshotMetadata{hasPendingWrites=false, isFromCache=true}
2025-04-11 00:57:27.106 16287-16287 System.out              com.bda.projectpulse                 I  ProjectRepository: Snapshot size: 3
2025-04-11 00:57:27.107 16287-16287 System.out              com.bda.projectpulse                 I  ProjectRepository: Processing document: dtPbjdN2RbNOwEORdA4e
2025-04-11 00:57:27.133 16287-16287 System.out              com.bda.projectpulse                 I  ProjectRepository: Successfully parsed project: not test 
2025-04-11 00:57:27.134 16287-16287 System.out              com.bda.projectpulse                 I  ProjectRepository: Processing document: 0qZ55ozPEZCCwsyq5vfo
2025-04-11 00:57:27.134 16287-16287 System.out              com.bda.projectpulse                 I  ProjectRepository: Project 0qZ55ozPEZCCwsyq5vfo not visible to user bQn67H2vIKVA6btfWJm3UroA9Bk2
2025-04-11 00:57:27.134 16287-16287 System.out              com.bda.projectpulse                 I  ProjectRepository: Processing document: zi9259O4I9n32z07XJYx
2025-04-11 00:57:27.135 16287-16287 System.out              com.bda.projectpulse                 I  ProjectRepository: Successfully parsed project: demo
2025-04-11 00:57:27.136 16287-16287 System.out              com.bda.projectpulse                 I  ProjectRepository: Emitting 2 projects
2025-04-11 00:57:27.136 16287-16287 System.out              com.bda.projectpulse                 I  ProjectViewModel: Projects loaded: 2
2025-04-11 00:57:27.488 16287-16348 ProfileInstaller        com.bda.projectpulse                 D  Installing profile for com.bda.projectpulse
2025-04-11 00:57:27.586 16287-16287 Firestore               com.bda.projectpulse                 W  (24.10.2) [CustomClassMapper]: No setter/field for fcmToken found on class com.bda.projectpulse.models.User
2025-04-11 00:57:27.586 16287-16287 System.out              com.bda.projectpulse                 I  ProjectViewModel: Current user for projects: User1, role: USER
2025-04-11 00:57:27.586 16287-16287 System.out              com.bda.projectpulse                 I  ProjectRepository: Setting up projects listener
2025-04-11 00:57:27.587 16287-16287 System.out              com.bda.projectpulse                 I  ProjectRepository: User role is USER, isAdmin: false
2025-04-11 00:57:27.594 16287-16287 Firestore               com.bda.projectpulse                 W  (24.10.2) [CustomClassMapper]: No setter/field for fcmToken found on class com.bda.projectpulse.models.User
2025-04-11 00:57:27.595 16287-16287 System.out              com.bda.projectpulse                 I  ProjectViewModel: Current user loaded: bQn67H2vIKVA6btfWJm3UroA9Bk2
2025-04-11 00:57:27.596 16287-16287 System.out              com.bda.projectpulse                 I  ProjectRepository: Received projects snapshot
2025-04-11 00:57:27.597 16287-16287 System.out              com.bda.projectpulse                 I  ProjectRepository: Snapshot metadata: SnapshotMetadata{hasPendingWrites=false, isFromCache=true}
2025-04-11 00:57:27.598 16287-16287 System.out              com.bda.projectpulse                 I  ProjectRepository: Snapshot size: 3
2025-04-11 00:57:27.599 16287-16287 System.out              com.bda.projectpulse                 I  ProjectRepository: Processing document: dtPbjdN2RbNOwEORdA4e
2025-04-11 00:57:27.600 16287-16287 System.out              com.bda.projectpulse                 I  ProjectRepository: Successfully parsed project: not test 
2025-04-11 00:57:27.601 16287-16287 System.out              com.bda.projectpulse                 I  ProjectRepository: Processing document: 0qZ55ozPEZCCwsyq5vfo
2025-04-11 00:57:27.602 16287-16287 System.out              com.bda.projectpulse                 I  ProjectRepository: Project 0qZ55ozPEZCCwsyq5vfo not visible to user bQn67H2vIKVA6btfWJm3UroA9Bk2
2025-04-11 00:57:27.602 16287-16287 System.out              com.bda.projectpulse                 I  ProjectRepository: Processing document: zi9259O4I9n32z07XJYx
2025-04-11 00:57:27.602 16287-16287 System.out              com.bda.projectpulse                 I  ProjectRepository: Successfully parsed project: demo
2025-04-11 00:57:27.602 16287-16287 System.out              com.bda.projectpulse                 I  ProjectRepository: Emitting 2 projects
2025-04-11 00:57:27.603 16287-16287 System.out              com.bda.projectpulse                 I  ProjectViewModel: Projects loaded: 2
2025-04-11 00:57:49.885 16287-16312 EGL_emulation           com.bda.projectpulse                 D  app_time_stats: avg=1574.35ms min=2.17ms max=22286.17ms count=15
2025-04-11 00:57:49.933 16287-16287 WindowOnBackDispatcher  com.bda.projectpulse                 W  OnBackInvokedCallback is not enabled for the application.
                                                                                                    Set 'android:enableOnBackInvokedCallback="true"' in the application manifest.
2025-04-11 00:57:50.436 16287-16287 Firestore               com.bda.projectpulse                 W  (24.10.2) [CustomClassMapper]: No setter/field for fcmToken found on class com.bda.projectpulse.models.User
2025-04-11 00:57:50.938 16287-16324 Firestore               com.bda.projectpulse                 W  (24.10.2) [Firestore]: Listen for Query(target=Query(notifications where recipientId==bQn67H2vIKVA6btfWJm3UroA9Bk2 order by -timestamp, -__name__);limitType=LIMIT_TO_FIRST) failed: Status{code=FAILED_PRECONDITION, description=The query requires an index. You can create it here: https://console.firebase.google.com/v1/r/project/projectpulse-c7ab6/firestore/indexes?create_composite=Clhwcm9qZWN0cy9wcm9qZWN0cHVsc2UtYzdhYjYvZGF0YWJhc2VzLyhkZWZhdWx0KS9jb2xsZWN0aW9uR3JvdXBzL25vdGlmaWNhdGlvbnMvaW5kZXhlcy9fEAEaDwoLcmVjaXBpZW50SWQQARoNCgl0aW1lc3RhbXAQAhoMCghfX25hbWVfXxAC, cause=null}
2025-04-11 00:57:50.960 16287-16312 EGL_emulation           com.bda.projectpulse                 D  app_time_stats: avg=15.36ms min=2.24ms max=180.76ms count=52
2025-04-11 00:57:53.274 16287-16312 EGL_emulation           com.bda.projectpulse                 D  app_time_stats: avg=1149.59ms min=4.90ms max=2294.27ms count=2
2025-04-11 00:57:53.901 16287-16287 Firestore               com.bda.projectpulse                 W  (24.10.2) [CustomClassMapper]: No setter/field for fcmToken found on class com.bda.projectpulse.models.User
2025-04-11 00:57:54.466 16287-16312 EGL_emulation           com.bda.projectpulse                 D  app_time_stats: avg=22.43ms min=10.26ms max=334.55ms count=53
2025-04-11 00:57:55.098 16287-16287 Firestore               com.bda.projectpulse                 W  (24.10.2) [CustomClassMapper]: No setter/field for fcmToken found on class com.bda.projectpulse.models.User
2025-04-11 00:57:55.100 16287-16287 Firestore               com.bda.projectpulse                 W  (24.10.2) [CustomClassMapper]: No setter/field for fcmToken found on class com.bda.projectpulse.models.User
2025-04-11 00:57:55.651 16287-16324 Firestore               com.bda.projectpulse                 W  (24.10.2) [Firestore]: Listen for Query(target=Query(notifications where recipientId==bQn67H2vIKVA6btfWJm3UroA9Bk2 order by -timestamp, -__name__);limitType=LIMIT_TO_FIRST) failed: Status{code=FAILED_PRECONDITION, description=The query requires an index. You can create it here: https://console.firebase.google.com/v1/r/project/projectpulse-c7ab6/firestore/indexes?create_composite=Clhwcm9qZWN0cy9wcm9qZWN0cHVsc2UtYzdhYjYvZGF0YWJhc2VzLyhkZWZhdWx0KS9jb2xsZWN0aW9uR3JvdXBzL25vdGlmaWNhdGlvbnMvaW5kZXhlcy9fEAEaDwoLcmVjaXBpZW50SWQQARoNCgl0aW1lc3RhbXAQAhoMCghfX25hbWVfXxAC, cause=null}
2025-04-11 00:57:55.656 16287-16312 EGL_emulation           com.bda.projectpulse                 D  app_time_stats: avg=22.82ms min=12.50ms max=323.87ms count=52
2025-04-11 00:57:56.149 16287-16287 Firestore               com.bda.projectpulse                 W  (24.10.2) [CustomClassMapper]: No setter/field for fcmToken found on class com.bda.projectpulse.models.User
2025-04-11 00:57:56.663 16287-16324 Firestore               com.bda.projectpulse                 W  (24.10.2) [Firestore]: Listen for Query(target=Query(notifications where recipientId==bQn67H2vIKVA6btfWJm3UroA9Bk2 order by -timestamp, -__name__);limitType=LIMIT_TO_FIRST) failed: Status{code=FAILED_PRECONDITION, description=The query requires an index. You can create it here: https://console.firebase.google.com/v1/r/project/projectpulse-c7ab6/firestore/indexes?create_composite=Clhwcm9qZWN0cy9wcm9qZWN0cHVsc2UtYzdhYjYvZGF0YWJhc2VzLyhkZWZhdWx0KS9jb2xsZWN0aW9uR3JvdXBzL25vdGlmaWNhdGlvbnMvaW5kZXhlcy9fEAEaDwoLcmVjaXBpZW50SWQQARoNCgl0aW1lc3RhbXAQAhoMCghfX25hbWVfXxAC, cause=null}
2025-04-11 00:57:56.688 16287-16312 EGL_emulation           com.bda.projectpulse                 D  app_time_stats: avg=205.26ms min=5.95ms max=560.51ms count=5
2025-04-11 00:57:57.748 16287-16312 EGL_emulation           com.bda.projectpulse                 D  app_time_stats: avg=529.72ms min=8.09ms max=1051.35ms count=2
2025-04-11 00:57:58.388 16287-16287 Firestore               com.bda.projectpulse                 W  (24.10.2) [CustomClassMapper]: No setter/field for fcmToken found on class com.bda.projectpulse.models.User
2025-04-11 00:57:58.952 16287-16312 EGL_emulation           com.bda.projectpulse                 D  app_time_stats: avg=22.64ms min=14.66ms max=334.10ms count=53
2025-04-11 00:57:59.432 16287-16287 Firestore               com.bda.projectpulse                 W  (24.10.2) [CustomClassMapper]: No setter/field for fcmToken found on class com.bda.projectpulse.models.User
2025-04-11 00:57:59.941 16287-16324 Firestore               com.bda.projectpulse                 W  (24.10.2) [Firestore]: Listen for Query(target=Query(notifications where recipientId==bQn67H2vIKVA6btfWJm3UroA9Bk2 order by -timestamp, -__name__);limitType=LIMIT_TO_FIRST) failed: Status{code=FAILED_PRECONDITION, description=The query requires an index. You can create it here: https://console.firebase.google.com/v1/r/project/projectpulse-c7ab6/firestore/indexes?create_composite=Clhwcm9qZWN0cy9wcm9qZWN0cHVsc2UtYzdhYjYvZGF0YWJhc2VzLyhkZWZhdWx0KS9jb2xsZWN0aW9uR3JvdXBzL25vdGlmaWNhdGlvbnMvaW5kZXhlcy9fEAEaDwoLcmVjaXBpZW50SWQQARoNCgl0aW1lc3RhbXAQAhoMCghfX25hbWVfXxAC, cause=null}
2025-04-11 00:57:59.954 16287-16312 EGL_emulation           com.bda.projectpulse                 D  app_time_stats: avg=30.87ms min=6.00ms max=406.95ms count=32
2025-04-11 00:58:01.666 16287-16312 EGL_emulation           com.bda.projectpulse                 D  app_time_stats: avg=853.04ms min=9.65ms max=1696.44ms count=2
2025-04-11 00:58:11.582 16287-16312 EGL_emulation           com.bda.projectpulse                 D  app_time_stats: avg=196.66ms min=2.99ms max=9034.46ms count=50
2025-04-11 00:58:12.191 16287-16287 Firestore               com.bda.projectpulse                 W  (24.10.2) [CustomClassMapper]: No setter/field for fcmToken found on class com.bda.projectpulse.models.User
2025-04-11 00:58:12.752 16287-16312 EGL_emulation           com.bda.projectpulse                 D  app_time_stats: avg=22.00ms min=8.90ms max=302.28ms count=53
2025-04-11 00:58:13.252 16287-16287 Firestore               com.bda.projectpulse                 W  (24.10.2) [CustomClassMapper]: No setter/field for fcmToken found on class com.bda.projectpulse.models.User
2025-04-11 00:58:13.751 16287-16324 Firestore               com.bda.projectpulse                 W  (24.10.2) [Firestore]: Listen for Query(target=Query(notifications where recipientId==bQn67H2vIKVA6btfWJm3UroA9Bk2 order by -timestamp, -__name__);limitType=LIMIT_TO_FIRST) failed: Status{code=FAILED_PRECONDITION, description=The query requires an index. You can create it here: https://console.firebase.google.com/v1/r/project/projectpulse-c7ab6/firestore/indexes?create_composite=Clhwcm9qZWN0cy9wcm9qZWN0cHVsc2UtYzdhYjYvZGF0YWJhc2VzLyhkZWZhdWx0KS9jb2xsZWN0aW9uR3JvdXBzL25vdGlmaWNhdGlvbnMvaW5kZXhlcy9fEAEaDwoLcmVjaXBpZW50SWQQARoNCgl0aW1lc3RhbXAQAhoMCghfX25hbWVfXxAC, cause=null}
2025-04-11 00:58:13.769 16287-16312 EGL_emulation           com.bda.projectpulse                 D  app_time_stats: avg=30.42ms min=4.97ms max=423.46ms count=33
2025-04-11 00:58:15.014 16287-16312 EGL_emulation           com.bda.projectpulse                 D  app_time_stats: avg=622.40ms min=12.67ms max=1232.12ms count=2
2025-04-11 00:58:15.216 16287-16287 System.out              com.bda.projectpulse                 I  ProjectViewModel: Loading projects
2025-04-11 00:58:15.218 16287-16287 System.out              com.bda.projectpulse                 I  ProjectViewModel: Loading current user
2025-04-11 00:58:15.718 16287-16287 Firestore               com.bda.projectpulse                 W  (24.10.2) [CustomClassMapper]: No setter/field for fcmToken found on class com.bda.projectpulse.models.User
2025-04-11 00:58:15.719 16287-16287 System.out              com.bda.projectpulse                 I  ProjectViewModel: Current user for projects: User1, role: USER
2025-04-11 00:58:15.719 16287-16287 System.out              com.bda.projectpulse                 I  ProjectRepository: Setting up projects listener
2025-04-11 00:58:15.720 16287-16287 System.out              com.bda.projectpulse                 I  ProjectRepository: User role is USER, isAdmin: false
2025-04-11 00:58:15.721 16287-16287 Firestore               com.bda.projectpulse                 W  (24.10.2) [CustomClassMapper]: No setter/field for fcmToken found on class com.bda.projectpulse.models.User
2025-04-11 00:58:15.722 16287-16287 System.out              com.bda.projectpulse                 I  ProjectViewModel: Current user loaded: bQn67H2vIKVA6btfWJm3UroA9Bk2
2025-04-11 00:58:15.731 16287-16287 System.out              com.bda.projectpulse                 I  ProjectRepository: Received projects snapshot
2025-04-11 00:58:15.731 16287-16287 System.out              com.bda.projectpulse                 I  ProjectRepository: Snapshot metadata: SnapshotMetadata{hasPendingWrites=false, isFromCache=false}
2025-04-11 00:58:15.731 16287-16287 System.out              com.bda.projectpulse                 I  ProjectRepository: Snapshot size: 3
2025-04-11 00:58:15.731 16287-16287 System.out              com.bda.projectpulse                 I  ProjectRepository: Processing document: dtPbjdN2RbNOwEORdA4e
2025-04-11 00:58:15.731 16287-16287 System.out              com.bda.projectpulse                 I  ProjectRepository: Successfully parsed project: not test 
2025-04-11 00:58:15.732 16287-16287 System.out              com.bda.projectpulse                 I  ProjectRepository: Processing document: 0qZ55ozPEZCCwsyq5vfo
2025-04-11 00:58:15.732 16287-16287 System.out              com.bda.projectpulse                 I  ProjectRepository: Project 0qZ55ozPEZCCwsyq5vfo not visible to user bQn67H2vIKVA6btfWJm3UroA9Bk2
2025-04-11 00:58:15.732 16287-16287 System.out              com.bda.projectpulse                 I  ProjectRepository: Processing document: zi9259O4I9n32z07XJYx
2025-04-11 00:58:15.732 16287-16287 System.out              com.bda.projectpulse                 I  ProjectRepository: Successfully parsed project: demo
2025-04-11 00:58:15.732 16287-16287 System.out              com.bda.projectpulse                 I  ProjectRepository: Emitting 2 projects
2025-04-11 00:58:15.732 16287-16287 System.out              com.bda.projectpulse                 I  ProjectViewModel: Projects loaded: 2
2025-04-11 00:59:07.849 16287-16287 System.out              com.bda.projectpulse                 I  ProjectRepository: Received projects snapshot
2025-04-11 00:59:07.850 16287-16287 System.out              com.bda.projectpulse                 I  ProjectRepository: Snapshot metadata: SnapshotMetadata{hasPendingWrites=false, isFromCache=false}
2025-04-11 00:59:07.851 16287-16287 System.out              com.bda.projectpulse                 I  ProjectRepository: Snapshot size: 3
2025-04-11 00:59:07.851 16287-16287 System.out              com.bda.projectpulse                 I  ProjectRepository: Processing document: dtPbjdN2RbNOwEORdA4e
2025-04-11 00:59:07.851 16287-16287 System.out              com.bda.projectpulse                 I  ProjectRepository: Successfully parsed project: not test 
2025-04-11 00:59:07.851 16287-16287 System.out              com.bda.projectpulse                 I  ProjectRepository: Processing document: 0qZ55ozPEZCCwsyq5vfo
2025-04-11 00:59:07.851 16287-16287 System.out              com.bda.projectpulse                 I  ProjectRepository: Successfully parsed project: Offline
2025-04-11 00:59:07.852 16287-16287 System.out              com.bda.projectpulse                 I  ProjectRepository: Processing document: zi9259O4I9n32z07XJYx
2025-04-11 00:59:07.852 16287-16287 System.out              com.bda.projectpulse                 I  ProjectRepository: Successfully parsed project: demo
2025-04-11 00:59:07.852 16287-16287 System.out              com.bda.projectpulse                 I  ProjectRepository: Emitting 3 projects
2025-04-11 00:59:07.852 16287-16287 System.out              com.bda.projectpulse                 I  ProjectViewModel: Projects loaded: 3
2025-04-11 00:59:07.853 16287-16287 System.out              com.bda.projectpulse                 I  ProjectRepository: Received projects snapshot
2025-04-11 00:59:07.853 16287-16287 System.out              com.bda.projectpulse                 I  ProjectRepository: Snapshot metadata: SnapshotMetadata{hasPendingWrites=false, isFromCache=false}
2025-04-11 00:59:07.853 16287-16287 System.out              com.bda.projectpulse                 I  ProjectRepository: Snapshot size: 3
2025-04-11 00:59:07.853 16287-16287 System.out              com.bda.projectpulse                 I  ProjectRepository: Processing document: dtPbjdN2RbNOwEORdA4e
2025-04-11 00:59:07.854 16287-16287 System.out              com.bda.projectpulse                 I  ProjectRepository: Successfully parsed project: not test 
2025-04-11 00:59:07.854 16287-16287 System.out              com.bda.projectpulse                 I  ProjectRepository: Processing document: 0qZ55ozPEZCCwsyq5vfo
2025-04-11 00:59:07.854 16287-16287 System.out              com.bda.projectpulse                 I  ProjectRepository: Successfully parsed project: Offline
2025-04-11 00:59:07.854 16287-16287 System.out              com.bda.projectpulse                 I  ProjectRepository: Processing document: zi9259O4I9n32z07XJYx
2025-04-11 00:59:07.855 16287-16287 System.out              com.bda.projectpulse                 I  ProjectRepository: Successfully parsed project: demo
2025-04-11 00:59:07.855 16287-16287 System.out              com.bda.projectpulse                 I  ProjectRepository: Emitting 3 projects
2025-04-11 00:59:07.855 16287-16287 System.out              com.bda.projectpulse                 I  ProjectViewModel: Projects loaded: 3
2025-04-11 00:59:07.855 16287-16287 System.out              com.bda.projectpulse                 I  ProjectRepository: Received projects snapshot
2025-04-11 00:59:07.855 16287-16287 System.out              com.bda.projectpulse                 I  ProjectRepository: Snapshot metadata: SnapshotMetadata{hasPendingWrites=false, isFromCache=false}
2025-04-11 00:59:07.856 16287-16287 System.out              com.bda.projectpulse                 I  ProjectRepository: Snapshot size: 3
2025-04-11 00:59:07.856 16287-16287 System.out              com.bda.projectpulse                 I  ProjectRepository: Processing document: dtPbjdN2RbNOwEORdA4e
2025-04-11 00:59:07.856 16287-16287 System.out              com.bda.projectpulse                 I  ProjectRepository: Successfully parsed project: not test 
2025-04-11 00:59:07.856 16287-16287 System.out              com.bda.projectpulse                 I  ProjectRepository: Processing document: 0qZ55ozPEZCCwsyq5vfo
2025-04-11 00:59:07.856 16287-16287 System.out              com.bda.projectpulse                 I  ProjectRepository: Successfully parsed project: Offline
2025-04-11 00:59:07.857 16287-16287 System.out              com.bda.projectpulse                 I  ProjectRepository: Processing document: zi9259O4I9n32z07XJYx
2025-04-11 00:59:07.857 16287-16287 System.out              com.bda.projectpulse                 I  ProjectRepository: Successfully parsed project: demo
2025-04-11 00:59:07.857 16287-16287 System.out              com.bda.projectpulse                 I  ProjectRepository: Emitting 3 projects
2025-04-11 00:59:07.857 16287-16287 System.out              com.bda.projectpulse                 I  ProjectViewModel: Projects loaded: 3
2025-04-11 00:59:07.882 16287-16312 EGL_emulation           com.bda.projectpulse                 D  app_time_stats: avg=943.99ms min=10.79ms max=51938.32ms count=56
2025-04-11 00:59:31.149 16428-16428 da.projectpulse         com.bda.projectpulse                 I  Late-enabling -Xcheck:jni
2025-04-11 00:59:31.198 16428-16428 da.projectpulse         com.bda.projectpulse                 I  Using CollectorTypeCMC GC.
2025-04-11 00:59:31.200 16428-16428 da.projectpulse         com.bda.projectpulse                 W  Unexpected CPU variant for x86: x86_64.
                                                                                                    Known variants: atom, sandybridge, silvermont, goldmont, goldmont-plus, goldmont-without-sha-xsaves, tremont, kabylake, default
2025-04-11 00:59:31.237 16428-16428 nativeloader            com.bda.projectpulse                 D  Load libframework-connectivity-tiramisu-jni.so using APEX ns com_android_tethering for caller /apex/com.android.tethering/javalib/framework-connectivity-t.jar: ok
2025-04-11 00:59:31.337 16428-16428 nativeloader            com.bda.projectpulse                 D  Load /data/user/0/com.bda.projectpulse/code_cache/startup_agents/ab97b32d-agent.so using system ns (caller=<unknown>): ok
2025-04-11 00:59:31.333 16428-16428 re-initialized>         com.bda.projectpulse                 W  type=1400 audit(0.0:2738): avc:  granted  { execute } for  path="/data/data/com.bda.projectpulse/code_cache/startup_agents/ab97b32d-agent.so" dev="dm-46" ino=362613 scontext=u:r:untrusted_app:s0:c211,c256,c512,c768 tcontext=u:object_r:app_data_file:s0:c211,c256,c512,c768 tclass=file app=com.bda.projectpulse
2025-04-11 00:59:31.344 16428-16428 da.projectpulse         com.bda.projectpulse                 W  DexFile /data/data/com.bda.projectpulse/code_cache/.studio/instruments-89515471.jar is in boot class path but is not in a known location
2025-04-11 00:59:31.513 16428-16428 da.projectpulse         com.bda.projectpulse                 W  Redefining intrinsic method java.lang.Thread java.lang.Thread.currentThread(). This may cause the unexpected use of the original definition of java.lang.Thread java.lang.Thread.currentThread()in methods that have already been compiled.
2025-04-11 00:59:31.514 16428-16428 da.projectpulse         com.bda.projectpulse                 W  Redefining intrinsic method boolean java.lang.Thread.interrupted(). This may cause the unexpected use of the original definition of boolean java.lang.Thread.interrupted()in methods that have already been compiled.
2025-04-11 00:59:31.564 16428-16428 CompatChangeReporter    com.bda.projectpulse                 D  Compat change id reported: 242716250; UID 10211; state: ENABLED
2025-04-11 00:59:31.603 16428-16428 ziparchive              com.bda.projectpulse                 W  Unable to open '/data/app/~~QFWkd8VeyXL2cfuVhmDXqA==/com.bda.projectpulse-RAsHTzIhlBHHODTipAelSw==/base.dm': No such file or directory
2025-04-11 00:59:31.603 16428-16428 ziparchive              com.bda.projectpulse                 W  Unable to open '/data/app/~~QFWkd8VeyXL2cfuVhmDXqA==/com.bda.projectpulse-RAsHTzIhlBHHODTipAelSw==/base.dm': No such file or directory
2025-04-11 00:59:32.431 16428-16428 nativeloader            com.bda.projectpulse                 D  Configuring clns-7 for other apk /data/app/~~QFWkd8VeyXL2cfuVhmDXqA==/com.bda.projectpulse-RAsHTzIhlBHHODTipAelSw==/base.apk. target_sdk_version=34, uses_libraries=, library_path=/data/app/~~QFWkd8VeyXL2cfuVhmDXqA==/com.bda.projectpulse-RAsHTzIhlBHHODTipAelSw==/lib/x86_64, permitted_path=/data:/mnt/expand:/data/user/0/com.bda.projectpulse
2025-04-11 00:59:32.460 16428-16428 GraphicsEnvironment     com.bda.projectpulse                 V  Currently set values for:
2025-04-11 00:59:32.461 16428-16428 GraphicsEnvironment     com.bda.projectpulse                 V    angle_gl_driver_selection_pkgs=[]
2025-04-11 00:59:32.461 16428-16428 GraphicsEnvironment     com.bda.projectpulse                 V    angle_gl_driver_selection_values=[]
2025-04-11 00:59:32.461 16428-16428 GraphicsEnvironment     com.bda.projectpulse                 V  Global.Settings values are invalid: number of packages: 0, number of values: 0
2025-04-11 00:59:32.461 16428-16428 GraphicsEnvironment     com.bda.projectpulse                 V  Neither updatable production driver nor prerelease driver is supported.
2025-04-11 00:59:32.553 16428-16428 FirebaseApp             com.bda.projectpulse                 I  Device unlocked: initializing all Firebase APIs for app [DEFAULT]
2025-04-11 00:59:32.557 16428-16428 CompatChangeReporter    com.bda.projectpulse                 D  Compat change id reported: 3400644; UID 10211; state: ENABLED
2025-04-11 00:59:32.638 16428-16428 FirebaseInitProvider    com.bda.projectpulse                 I  FirebaseApp initialization successful
2025-04-11 00:59:32.666 16428-16448 ziparchive              com.bda.projectpulse                 W  Unable to open '/data/user_de/0/com.google.android.gms/app_chimera/m/00000002/DynamiteLoader.uncompressed.dm': No such file or directory
2025-04-11 00:59:32.666 16428-16448 ziparchive              com.bda.projectpulse                 W  Unable to open '/data/user_de/0/com.google.android.gms/app_chimera/m/00000002/DynamiteLoader.uncompressed.dm': No such file or directory
2025-04-11 00:59:32.675 16428-16448 DynamiteModule          com.bda.projectpulse                 I  Considering local module com.google.android.gms.measurement.dynamite:100 and remote module com.google.android.gms.measurement.dynamite:115
2025-04-11 00:59:32.675 16428-16448 DynamiteModule          com.bda.projectpulse                 I  Selected remote version of com.google.android.gms.measurement.dynamite, version >= 115
2025-04-11 00:59:32.675 16428-16448 DynamiteModule          com.bda.projectpulse                 V  Dynamite loader version >= 2, using loadModule2NoCrashUtils
2025-04-11 00:59:32.725 16428-16448 ziparchive              com.bda.projectpulse                 W  Unable to open '/data/user_de/0/com.google.android.gms/app_chimera/m/00000007/MeasurementDynamite.dm': No such file or directory
2025-04-11 00:59:32.725 16428-16448 ziparchive              com.bda.projectpulse                 W  Unable to open '/data/user_de/0/com.google.android.gms/app_chimera/m/00000007/MeasurementDynamite.dm': No such file or directory
2025-04-11 00:59:32.834 16428-16428 HWUI                    com.bda.projectpulse                 W  Unknown dataspace 0
2025-04-11 00:59:32.892 16428-16454 FA                      com.bda.projectpulse                 I  App measurement initialized, version: 95014
2025-04-11 00:59:32.892 16428-16454 FA                      com.bda.projectpulse                 I  To enable debug logging run: adb shell setprop log.tag.FA VERBOSE
2025-04-11 00:59:32.893 16428-16454 FA                      com.bda.projectpulse                 I  To enable faster debug mode event logging run:
                                                                                                      adb shell setprop debug.firebase.analytics.app com.bda.projectpulse
2025-04-11 00:59:33.049 16428-16454 FA                      com.bda.projectpulse                 I  Tag Manager is not found and thus will not be used
2025-04-11 00:59:33.249 16428-16428 da.projectpulse         com.bda.projectpulse                 W  Method java.lang.Object androidx.compose.runtime.snapshots.SnapshotStateMap.mutate(kotlin.jvm.functions.Function1) failed lock verification and will run slower.
                                                                                                    Common causes for lock verification issues are non-optimized dex code
                                                                                                    and incorrect proguard optimizations.
2025-04-11 00:59:33.250 16428-16428 da.projectpulse         com.bda.projectpulse                 W  Method void androidx.compose.runtime.snapshots.SnapshotStateMap.update(kotlin.jvm.functions.Function1) failed lock verification and will run slower.
2025-04-11 00:59:33.251 16428-16428 da.projectpulse         com.bda.projectpulse                 W  Method boolean androidx.compose.runtime.snapshots.SnapshotStateMap.removeIf$runtime_release(kotlin.jvm.functions.Function1) failed lock verification and will run slower.
2025-04-11 00:59:33.413 16428-16433 da.projectpulse         com.bda.projectpulse                 I  Compiler allocated 5174KB to compile void android.view.ViewRootImpl.performTraversals()
2025-04-11 00:59:33.703 16428-16428 da.projectpulse         com.bda.projectpulse                 W  Method boolean androidx.compose.runtime.snapshots.SnapshotStateList.conditionalUpdate(kotlin.jvm.functions.Function1) failed lock verification and will run slower.
2025-04-11 00:59:33.704 16428-16428 da.projectpulse         com.bda.projectpulse                 W  Method java.lang.Object androidx.compose.runtime.snapshots.SnapshotStateList.mutate(kotlin.jvm.functions.Function1) failed lock verification and will run slower.
2025-04-11 00:59:33.704 16428-16428 da.projectpulse         com.bda.projectpulse                 W  Method void androidx.compose.runtime.snapshots.SnapshotStateList.update(kotlin.jvm.functions.Function1) failed lock verification and will run slower.
