2025-04-11 01:21:09.446 16721-16786 ProviderInstaller       com.bda.projectpulse                 W  Failed to report request stats: com.google.android.gms.common.security.ProviderInstallerImpl.reportRequestStats [class android.content.Context, long, long]
2025-04-11 01:21:09.686 16721-16721 CompatChangeReporter    com.bda.projectpulse                 D  Compat change id reported: 289878283; UID 10211; state: ENABLED
2025-04-11 01:21:09.841 16721-16786 nativeloader            com.bda.projectpulse                 D  Load /product/priv-app/PrebuiltGmsCore/PrebuiltGmsCore.apk!/lib/x86_64/libconscrypt_gmscore_jni.so using ns product-clns-10 from class loader (caller=/product/priv-app/PrebuiltGmsCore/PrebuiltGmsCore.apk!classes3.dex): ok
2025-04-11 01:21:09.853 16721-16786 NativeCrypto            com.bda.projectpulse                 V  Registering com/google/android/gms/org/conscrypt/NativeCrypto's 305 native methods...
2025-04-11 01:21:09.882 16721-16786 da.projectpulse         com.bda.projectpulse                 W  Accessing hidden method Ljava/security/spec/ECParameterSpec;->getCurveName()Ljava/lang/String; (unsupported, reflection, allowed)
2025-04-11 01:21:09.955 16721-16773 EGL_emulation           com.bda.projectpulse                 I  Opening libGLESv1_CM_emulation.so
2025-04-11 01:21:09.958 16721-16773 EGL_emulation           com.bda.projectpulse                 I  Opening libGLESv2_emulation.so
2025-04-11 01:21:09.987 16721-16786 ProviderInstaller       com.bda.projectpulse                 I  Installed default security provider GmsCore_OpenSSL
2025-04-11 01:21:09.990 16721-16728 da.projectpulse         com.bda.projectpulse                 I  Compiler allocated 5417KB to compile void android.view.ViewRootImpl.performTraversals()
2025-04-11 01:21:10.204 16721-16773 HWUI                    com.bda.projectpulse                 W  Failed to choose config with EGL_SWAP_BEHAVIOR_PRESERVED, retrying without...
2025-04-11 01:21:10.204 16721-16773 HWUI                    com.bda.projectpulse                 W  Failed to initialize 101010-2 format, error = EGL_SUCCESS
2025-04-11 01:21:10.273 16721-16798 TrafficStats            com.bda.projectpulse                 D  tagSocket(131) with statsTag=0xffffffff, statsUid=-1
2025-04-11 01:21:10.317 16721-16773 Gralloc4                com.bda.projectpulse                 I  mapper 4.x is not supported
2025-04-11 01:21:10.384 16721-16798 da.projectpulse         com.bda.projectpulse                 W  Accessing hidden field Ljava/net/Socket;->impl:Ljava/net/SocketImpl; (unsupported, reflection, allowed)
2025-04-11 01:21:10.634 16721-16737 HWUI                    com.bda.projectpulse                 I  Davey! duration=2702ms; Flags=1, FrameTimelineVsyncId=1174019, IntendedVsync=66764399857504, Vsync=66764399857504, InputEventId=0, HandleInputStart=66764402000400, AnimationStart=66764402128500, PerformTraversalsStart=66764402188700, DrawStart=66766910462200, FrameDeadline=66764416524170, FrameInterval=66764401893400, FrameStartTime=16666666, SyncQueued=66766946974600, SyncStart=66766974944200, IssueDrawCommandsStart=66766978543300, SwapBuffers=66767094924600, FrameCompleted=66767130152700, DequeueBufferDuration=35000, QueueBufferDuration=274500, GpuCompleted=66767130152700, SwapBuffersCompleted=66767100015800, DisplayPresentTime=72904454231359566, CommandSubmissionCompleted=66767094924600, 
2025-04-11 01:21:10.684 16721-16721 AuthViewModel           com.bda.projectpulse                 E  Error getting user data
                                                                                                    kotlinx.coroutines.JobCancellationException: Job was cancelled; job=SupervisorJobImpl{Cancelling}@5a03612
2025-04-11 01:21:10.686 16721-16721 FirebaseAuthManager     com.bda.projectpulse                 E  Error checking for admin user
                                                                                                    kotlinx.coroutines.JobCancellationException: Job was cancelled; job=SupervisorJobImpl{Cancelling}@5a03612
2025-04-11 01:21:10.687 16721-16721 AuthViewModel           com.bda.projectpulse                 D  Checking for admin user. Has admin: false
2025-04-11 01:21:10.687 16721-16721 AuthViewModel           com.bda.projectpulse                 D  No admin exists, showing all roles
2025-04-11 01:21:10.692 16721-16721 Choreographer           com.bda.projectpulse                 I  Skipped 156 frames!  The application may be doing too much work on its main thread.
2025-04-11 01:21:10.743 16721-16798 da.projectpulse         com.bda.projectpulse                 W  Accessing hidden method Ljava/security/spec/ECParameterSpec;->setCurveName(Ljava/lang/String;)V (unsupported, reflection, allowed)
2025-04-11 01:21:10.760 16721-16721 System.out              com.bda.projectpulse                 I  ProjectViewModel: Initializing
2025-04-11 01:21:10.761 16721-16721 System.out              com.bda.projectpulse                 I  ProjectViewModel: Current user ID: bQn67H2vIKVA6btfWJm3UroA9Bk2
2025-04-11 01:21:10.763 16721-16721 System.out              com.bda.projectpulse                 I  ProjectViewModel: Loading projects
2025-04-11 01:21:10.763 16721-16721 System.out              com.bda.projectpulse                 I  ProjectViewModel: Loading users
2025-04-11 01:21:10.767 16721-16721 System.out              com.bda.projectpulse                 I  ProjectViewModel: Loading current user
2025-04-11 01:21:11.152 16721-16735 HWUI                    com.bda.projectpulse                 I  Davey! duration=3067ms; Flags=0, FrameTimelineVsyncId=1174041, IntendedVsync=66764599857496, Vsync=66767199857392, InputEventId=0, HandleInputStart=66767215641900, AnimationStart=66767215659600, PerformTraversalsStart=66767376015700, DrawStart=66767376576000, FrameDeadline=66767149857394, FrameInterval=66767214742500, FrameStartTime=16666666, SyncQueued=66767658188900, SyncStart=66767658335900, IssueDrawCommandsStart=66767658462000, SwapBuffers=66767659702200, FrameCompleted=66767667559300, DequeueBufferDuration=20500, QueueBufferDuration=585200, GpuCompleted=66767667559300, SwapBuffersCompleted=66767660567700, DisplayPresentTime=144115222452437076, CommandSubmissionCompleted=66767659702200, 
2025-04-11 01:21:11.178 16721-16721 System.out              com.bda.projectpulse                 I  ProjectViewModel: Loading projects
2025-04-11 01:21:11.178 16721-16721 System.out              com.bda.projectpulse                 I  ProjectViewModel: Loading current user
2025-04-11 01:21:11.205 16721-16721 Choreographer           com.bda.projectpulse                 I  Skipped 30 frames!  The application may be doing too much work on its main thread.
2025-04-11 01:21:11.666 16721-16721 Firestore               com.bda.projectpulse                 W  (24.10.2) [CustomClassMapper]: No setter/field for fcmToken found on class com.bda.projectpulse.models.User
2025-04-11 01:21:11.667 16721-16721 System.out              com.bda.projectpulse                 I  ProjectViewModel: Current user for projects: User1, role: USER
2025-04-11 01:21:11.670 16721-16721 System.out              com.bda.projectpulse                 I  ProjectRepository: Setting up projects listener
2025-04-11 01:21:11.671 16721-16721 System.out              com.bda.projectpulse                 I  ProjectRepository: User role is USER, isAdmin: false
2025-04-11 01:21:11.673 16721-16721 Firestore               com.bda.projectpulse                 W  (24.10.2) [CustomClassMapper]: No setter/field for fcmToken found on class com.bda.projectpulse.models.User
2025-04-11 01:21:11.674 16721-16721 System.out              com.bda.projectpulse                 I  ProjectViewModel: Current user loaded: bQn67H2vIKVA6btfWJm3UroA9Bk2
2025-04-11 01:21:11.676 16721-16721 Firestore               com.bda.projectpulse                 W  (24.10.2) [CustomClassMapper]: No setter/field for fcmToken found on class com.bda.projectpulse.models.User
2025-04-11 01:21:11.677 16721-16721 System.out              com.bda.projectpulse                 I  ProjectViewModel: Current user for projects: User1, role: USER
2025-04-11 01:21:11.678 16721-16721 System.out              com.bda.projectpulse                 I  ProjectRepository: Setting up projects listener
2025-04-11 01:21:11.678 16721-16721 System.out              com.bda.projectpulse                 I  ProjectRepository: User role is USER, isAdmin: false
2025-04-11 01:21:11.680 16721-16721 Firestore               com.bda.projectpulse                 W  (24.10.2) [CustomClassMapper]: No setter/field for fcmToken found on class com.bda.projectpulse.models.User
2025-04-11 01:21:11.680 16721-16721 System.out              com.bda.projectpulse                 I  ProjectViewModel: Current user loaded: bQn67H2vIKVA6btfWJm3UroA9Bk2
2025-04-11 01:21:11.685 16721-16721 Firestore               com.bda.projectpulse                 W  (24.10.2) [CustomClassMapper]: No setter/field for fcmToken found on class com.bda.projectpulse.models.User
2025-04-11 01:21:11.687 16721-16721 Firestore               com.bda.projectpulse                 W  (24.10.2) [CustomClassMapper]: No setter/field for fcmToken found on class com.bda.projectpulse.models.User
2025-04-11 01:21:11.688 16721-16721 System.out              com.bda.projectpulse                 I  ProjectViewModel: Users loaded: 4
2025-04-11 01:21:11.752 16721-16721 System.out              com.bda.projectpulse                 I  ProjectRepository: Received projects snapshot
2025-04-11 01:21:11.753 16721-16721 System.out              com.bda.projectpulse                 I  ProjectRepository: Snapshot metadata: SnapshotMetadata{hasPendingWrites=false, isFromCache=true}
2025-04-11 01:21:11.753 16721-16721 System.out              com.bda.projectpulse                 I  ProjectRepository: Snapshot size: 3
2025-04-11 01:21:11.754 16721-16721 System.out              com.bda.projectpulse                 I  ProjectRepository: Processing document: dtPbjdN2RbNOwEORdA4e
2025-04-11 01:21:11.757 16721-16721 System.out              com.bda.projectpulse                 I  ProjectRepository: Successfully parsed project: not test 
2025-04-11 01:21:11.758 16721-16721 System.out              com.bda.projectpulse                 I  ProjectRepository: Processing document: 0qZ55ozPEZCCwsyq5vfo
2025-04-11 01:21:11.758 16721-16721 System.out              com.bda.projectpulse                 I  ProjectRepository: Successfully parsed project: Offline
2025-04-11 01:21:11.759 16721-16721 System.out              com.bda.projectpulse                 I  ProjectRepository: Processing document: zi9259O4I9n32z07XJYx
2025-04-11 01:21:11.759 16721-16721 System.out              com.bda.projectpulse                 I  ProjectRepository: Successfully parsed project: demo
2025-04-11 01:21:11.759 16721-16721 System.out              com.bda.projectpulse                 I  ProjectRepository: Emitting 3 projects
2025-04-11 01:21:11.760 16721-16721 System.out              com.bda.projectpulse                 I  ProjectViewModel: Projects loaded: 3
2025-04-11 01:21:11.761 16721-16721 System.out              com.bda.projectpulse                 I  ProjectRepository: Received projects snapshot
2025-04-11 01:21:11.762 16721-16721 System.out              com.bda.projectpulse                 I  ProjectRepository: Snapshot metadata: SnapshotMetadata{hasPendingWrites=false, isFromCache=true}
2025-04-11 01:21:11.762 16721-16721 System.out              com.bda.projectpulse                 I  ProjectRepository: Snapshot size: 3
2025-04-11 01:21:11.763 16721-16721 System.out              com.bda.projectpulse                 I  ProjectRepository: Processing document: dtPbjdN2RbNOwEORdA4e
2025-04-11 01:21:11.763 16721-16721 System.out              com.bda.projectpulse                 I  ProjectRepository: Successfully parsed project: not test 
2025-04-11 01:21:11.764 16721-16721 System.out              com.bda.projectpulse                 I  ProjectRepository: Processing document: 0qZ55ozPEZCCwsyq5vfo
2025-04-11 01:21:11.766 16721-16721 System.out              com.bda.projectpulse                 I  ProjectRepository: Successfully parsed project: Offline
2025-04-11 01:21:11.766 16721-16721 System.out              com.bda.projectpulse                 I  ProjectRepository: Processing document: zi9259O4I9n32z07XJYx
2025-04-11 01:21:11.767 16721-16721 System.out              com.bda.projectpulse                 I  ProjectRepository: Successfully parsed project: demo
2025-04-11 01:21:11.767 16721-16721 System.out              com.bda.projectpulse                 I  ProjectRepository: Emitting 3 projects
2025-04-11 01:21:11.767 16721-16721 System.out              com.bda.projectpulse                 I  ProjectViewModel: Projects loaded: 3
2025-04-11 01:21:13.071 16721-16811 ProfileInstaller        com.bda.projectpulse                 D  Installing profile for com.bda.projectpulse
2025-04-11 01:21:17.343 16721-16773 EGL_emulation           com.bda.projectpulse                 D  app_time_stats: avg=227.88ms min=1.98ms max=5342.35ms count=29
2025-04-11 01:21:17.407 16721-16721 WindowOnBackDispatcher  com.bda.projectpulse                 W  OnBackInvokedCallback is not enabled for the application.
                                                                                                    Set 'android:enableOnBackInvokedCallback="true"' in the application manifest.
2025-04-11 01:21:17.935 16721-16721 Firestore               com.bda.projectpulse                 W  (24.10.2) [CustomClassMapper]: No setter/field for fcmToken found on class com.bda.projectpulse.models.User
2025-04-11 01:21:18.350 16721-16773 EGL_emulation           com.bda.projectpulse                 D  app_time_stats: avg=8.79ms min=2.49ms max=27.70ms count=60
2025-04-11 01:21:18.451 16721-16785 Firestore               com.bda.projectpulse                 W  (24.10.2) [Firestore]: Listen for Query(target=Query(notifications where recipientId==bQn67H2vIKVA6btfWJm3UroA9Bk2 order by -timestamp, -__name__);limitType=LIMIT_TO_FIRST) failed: Status{code=FAILED_PRECONDITION, description=The query requires an index. You can create it here: https://console.firebase.google.com/v1/r/project/projectpulse-c7ab6/firestore/indexes?create_composite=Clhwcm9qZWN0cy9wcm9qZWN0cHVsc2UtYzdhYjYvZGF0YWJhc2VzLyhkZWZhdWx0KS9jb2xsZWN0aW9uR3JvdXBzL25vdGlmaWNhdGlvbnMvaW5kZXhlcy9fEAEaDwoLcmVjaXBpZW50SWQQARoNCgl0aW1lc3RhbXAQAhoMCghfX25hbWVfXxAC, cause=null}
2025-04-11 01:21:18.458 16721-16721 NotificationRepo        com.bda.projectpulse                 E  Error fetching notifications
                                                                                                    com.google.firebase.firestore.FirebaseFirestoreException: FAILED_PRECONDITION: The query requires an index. You can create it here: https://console.firebase.google.com/v1/r/project/projectpulse-c7ab6/firestore/indexes?create_composite=Clhwcm9qZWN0cy9wcm9qZWN0cHVsc2UtYzdhYjYvZGF0YWJhc2VzLyhkZWZhdWx0KS9jb2xsZWN0aW9uR3JvdXBzL25vdGlmaWNhdGlvbnMvaW5kZXhlcy9fEAEaDwoLcmVjaXBpZW50SWQQARoNCgl0aW1lc3RhbXAQAhoMCghfX25hbWVfXxAC
                                                                                                    	at com.google.firebase.firestore.util.Util.exceptionFromStatus(Util.java:113)
                                                                                                    	at com.google.firebase.firestore.core.EventManager.onError(EventManager.java:166)
                                                                                                    	at com.google.firebase.firestore.core.SyncEngine.removeAndCleanupTarget(SyncEngine.java:604)
                                                                                                    	at com.google.firebase.firestore.core.SyncEngine.handleRejectedListen(SyncEngine.java:440)
                                                                                                    	at com.google.firebase.firestore.core.MemoryComponentProvider$RemoteStoreCallback.handleRejectedListen(MemoryComponentProvider.java:130)
                                                                                                    	at com.google.firebase.firestore.remote.RemoteStore.processTargetError(RemoteStore.java:591)
                                                                                                    	at com.google.firebase.firestore.remote.RemoteStore.handleWatchChange(RemoteStore.java:474)
                                                                                                    	at com.google.firebase.firestore.remote.RemoteStore.access$100(RemoteStore.java:60)
                                                                                                    	at com.google.firebase.firestore.remote.RemoteStore$1.onWatchChange(RemoteStore.java:183)
                                                                                                    	at com.google.firebase.firestore.remote.WatchStream.onNext(WatchStream.java:109)
                                                                                                    	at com.google.firebase.firestore.remote.WatchStream.onNext(WatchStream.java:38)
                                                                                                    	at com.google.firebase.firestore.remote.AbstractStream$StreamObserver.lambda$onNext$1$com-google-firebase-firestore-remote-AbstractStream$StreamObserver(AbstractStream.java:119)
                                                                                                    	at com.google.firebase.firestore.remote.AbstractStream$StreamObserver$$ExternalSyntheticLambda2.run(Unknown Source:4)
                                                                                                    	at com.google.firebase.firestore.remote.AbstractStream$CloseGuardedRunner.run(AbstractStream.java:67)
                                                                                                    	at com.google.firebase.firestore.remote.AbstractStream$StreamObserver.onNext(AbstractStream.java:110)
                                                                                                    	at com.google.firebase.firestore.remote.FirestoreChannel$1.onMessage(FirestoreChannel.java:140)
                                                                                                    	at io.grpc.internal.DelayedClientCall$DelayedListener.onMessage(DelayedClientCall.java:473)
                                                                                                    	at io.grpc.internal.ClientCallImpl$ClientStreamListenerImpl$1MessagesAvailable.runInternal(ClientCallImpl.java:660)
                                                                                                    	at io.grpc.internal.ClientCallImpl$ClientStreamListenerImpl$1MessagesAvailable.runInContext(ClientCallImpl.java:647)
                                                                                                    	at io.grpc.internal.ContextRunnable.run(ContextRunnable.java:37)
                                                                                                    	at io.grpc.internal.SerializingExecutor.run(SerializingExecutor.java:133)
                                                                                                    	at java.util.concurrent.Executors$RunnableAdapter.call(Executors.java:487)
                                                                                                    	at java.util.concurrent.FutureTask.run(FutureTask.java:264)
                                                                                                    	at java.util.concurrent.ScheduledThreadPoolExecutor$ScheduledFutureTask.run(ScheduledThreadPoolExecutor.java:307)
                                                                                                    	at java.util.concurrent.ThreadPoolExecutor.runWorker(ThreadPoolExecutor.java:1145)
                                                                                                    	at java.util.concurrent.ThreadPoolExecutor$Worker.run(ThreadPoolExecutor.java:644)
                                                                                                    	at com.google.firebase.firestore.util.AsyncQueue$SynchronizedShutdownAwareExecutor$DelayedStartFactory.run(AsyncQueue.java:235)
                                                                                                    	at java.lang.Thread.run(Thread.java:1012)
                                                                                                    Caused by: io.grpc.StatusException: FAILED_PRECONDITION: The query requires an index. You can create it here: https://console.firebase.google.com/v1/r/project/projectpulse-c7ab6/firestore/indexes?create_composite=Clhwcm9qZWN0cy9wcm9qZWN0cHVsc2UtYzdhYjYvZGF0YWJhc2VzLyhkZWZhdWx0KS9jb2xsZWN0aW9uR3JvdXBzL25vdGlmaWNhdGlvbnMvaW5kZXhlcy9fEAEaDwoLcmVjaXBpZW50SWQQARoNCgl0aW1lc3RhbXAQAhoMCghfX25hbWVfXxAC
                                                                                                    	at io.grpc.Status.asException(Status.java:545)
                                                                                                    	at com.google.firebase.firestore.util.Util.exceptionFromStatus(Util.java:111)
                                                                                                    	... 27 more
2025-04-11 01:21:20.131 16721-16773 EGL_emulation           com.bda.projectpulse                 D  app_time_stats: avg=197.88ms min=9.43ms max=1650.79ms count=9
2025-04-11 01:21:20.252 16721-16721 System.out              com.bda.projectpulse                 I  ProjectViewModel: Initializing
2025-04-11 01:21:20.253 16721-16721 System.out              com.bda.projectpulse                 I  ProjectViewModel: Current user ID: bQn67H2vIKVA6btfWJm3UroA9Bk2
2025-04-11 01:21:20.254 16721-16721 System.out              com.bda.projectpulse                 I  ProjectViewModel: Loading projects
2025-04-11 01:21:20.254 16721-16721 System.out              com.bda.projectpulse                 I  ProjectViewModel: Loading users
2025-04-11 01:21:20.255 16721-16721 System.out              com.bda.projectpulse                 I  ProjectViewModel: Loading current user
2025-04-11 01:21:20.338 16721-16721 System.out              com.bda.projectpulse                 I  ProjectViewModel: Loading projects
2025-04-11 01:21:20.341 16721-16721 System.out              com.bda.projectpulse                 I  ProjectViewModel: Loading current user
2025-04-11 01:21:20.775 16721-16721 Firestore               com.bda.projectpulse                 W  (24.10.2) [CustomClassMapper]: No setter/field for fcmToken found on class com.bda.projectpulse.models.User
2025-04-11 01:21:20.775 16721-16721 System.out              com.bda.projectpulse                 I  ProjectViewModel: Current user for projects: User1, role: USER
2025-04-11 01:21:20.776 16721-16721 System.out              com.bda.projectpulse                 I  ProjectRepository: Setting up projects listener
2025-04-11 01:21:20.776 16721-16721 System.out              com.bda.projectpulse                 I  ProjectRepository: User role is USER, isAdmin: false
2025-04-11 01:21:20.777 16721-16721 Firestore               com.bda.projectpulse                 W  (24.10.2) [CustomClassMapper]: No setter/field for fcmToken found on class com.bda.projectpulse.models.User
2025-04-11 01:21:20.777 16721-16721 System.out              com.bda.projectpulse                 I  ProjectViewModel: Current user loaded: bQn67H2vIKVA6btfWJm3UroA9Bk2
2025-04-11 01:21:20.779 16721-16721 Firestore               com.bda.projectpulse                 W  (24.10.2) [CustomClassMapper]: No setter/field for fcmToken found on class com.bda.projectpulse.models.User
2025-04-11 01:21:20.779 16721-16721 System.out              com.bda.projectpulse                 I  ProjectViewModel: Current user for projects: User1, role: USER
2025-04-11 01:21:20.779 16721-16721 System.out              com.bda.projectpulse                 I  ProjectRepository: Setting up projects listener
2025-04-11 01:21:20.779 16721-16721 System.out              com.bda.projectpulse                 I  ProjectRepository: User role is USER, isAdmin: false
2025-04-11 01:21:20.780 16721-16721 Firestore               com.bda.projectpulse                 W  (24.10.2) [CustomClassMapper]: No setter/field for fcmToken found on class com.bda.projectpulse.models.User
2025-04-11 01:21:20.781 16721-16721 System.out              com.bda.projectpulse                 I  ProjectViewModel: Current user loaded: bQn67H2vIKVA6btfWJm3UroA9Bk2
2025-04-11 01:21:20.784 16721-16721 Firestore               com.bda.projectpulse                 W  (24.10.2) [CustomClassMapper]: No setter/field for fcmToken found on class com.bda.projectpulse.models.User
2025-04-11 01:21:20.789 16721-16721 Firestore               com.bda.projectpulse                 W  (24.10.2) [CustomClassMapper]: No setter/field for fcmToken found on class com.bda.projectpulse.models.User
2025-04-11 01:21:20.790 16721-16721 System.out              com.bda.projectpulse                 I  ProjectViewModel: Users loaded: 4
2025-04-11 01:21:20.816 16721-16721 System.out              com.bda.projectpulse                 I  ProjectRepository: Received projects snapshot
2025-04-11 01:21:20.817 16721-16721 System.out              com.bda.projectpulse                 I  ProjectRepository: Snapshot metadata: SnapshotMetadata{hasPendingWrites=false, isFromCache=false}
2025-04-11 01:21:20.817 16721-16721 System.out              com.bda.projectpulse                 I  ProjectRepository: Snapshot size: 3
2025-04-11 01:21:20.818 16721-16721 System.out              com.bda.projectpulse                 I  ProjectRepository: Processing document: dtPbjdN2RbNOwEORdA4e
2025-04-11 01:21:20.818 16721-16721 System.out              com.bda.projectpulse                 I  ProjectRepository: Successfully parsed project: not test 
2025-04-11 01:21:20.819 16721-16721 System.out              com.bda.projectpulse                 I  ProjectRepository: Processing document: 0qZ55ozPEZCCwsyq5vfo
2025-04-11 01:21:20.819 16721-16721 System.out              com.bda.projectpulse                 I  ProjectRepository: Successfully parsed project: Offline
2025-04-11 01:21:20.819 16721-16721 System.out              com.bda.projectpulse                 I  ProjectRepository: Processing document: zi9259O4I9n32z07XJYx
2025-04-11 01:21:20.820 16721-16721 System.out              com.bda.projectpulse                 I  ProjectRepository: Successfully parsed project: demo
2025-04-11 01:21:20.820 16721-16721 System.out              com.bda.projectpulse                 I  ProjectRepository: Emitting 3 projects
2025-04-11 01:21:20.820 16721-16721 System.out              com.bda.projectpulse                 I  ProjectViewModel: Projects loaded: 3
2025-04-11 01:21:20.820 16721-16721 System.out              com.bda.projectpulse                 I  ProjectRepository: Received projects snapshot
2025-04-11 01:21:20.820 16721-16721 System.out              com.bda.projectpulse                 I  ProjectRepository: Snapshot metadata: SnapshotMetadata{hasPendingWrites=false, isFromCache=false}
2025-04-11 01:21:20.820 16721-16721 System.out              com.bda.projectpulse                 I  ProjectRepository: Snapshot size: 3
2025-04-11 01:21:20.821 16721-16721 System.out              com.bda.projectpulse                 I  ProjectRepository: Processing document: dtPbjdN2RbNOwEORdA4e
2025-04-11 01:21:20.821 16721-16721 System.out              com.bda.projectpulse                 I  ProjectRepository: Successfully parsed project: not test 
2025-04-11 01:21:20.822 16721-16721 System.out              com.bda.projectpulse                 I  ProjectRepository: Processing document: 0qZ55ozPEZCCwsyq5vfo
2025-04-11 01:21:20.822 16721-16721 System.out              com.bda.projectpulse                 I  ProjectRepository: Successfully parsed project: Offline
2025-04-11 01:21:20.822 16721-16721 System.out              com.bda.projectpulse                 I  ProjectRepository: Processing document: zi9259O4I9n32z07XJYx
2025-04-11 01:21:20.822 16721-16721 System.out              com.bda.projectpulse                 I  ProjectRepository: Successfully parsed project: demo
2025-04-11 01:21:20.822 16721-16721 System.out              com.bda.projectpulse                 I  ProjectRepository: Emitting 3 projects
2025-04-11 01:21:20.823 16721-16721 System.out              com.bda.projectpulse                 I  ProjectViewModel: Projects loaded: 3
2025-04-11 01:21:21.067 16721-16721 System.out              com.bda.projectpulse                 I  ProjectRepository: Closing projects listener
2025-04-11 01:21:21.071 16721-16721 System.out              com.bda.projectpulse                 I  ProjectViewModel: Error loading projects: Job was cancelled
2025-04-11 01:21:21.071 16721-16721 System.out              com.bda.projectpulse                 I  Error loading unread notifications count: Job was cancelled
2025-04-11 01:21:21.071 16721-16721 System.out              com.bda.projectpulse                 I  ProjectRepository: Closing projects listener
2025-04-11 01:21:21.072 16721-16721 System.out              com.bda.projectpulse                 I  ProjectViewModel: Error loading projects: Job was cancelled
2025-04-11 01:21:21.072 16721-16721 System.out              com.bda.projectpulse                 I  Error loading unread notifications count: Job was cancelled
2025-04-11 01:21:26.307 16721-16721 System.out              com.bda.projectpulse                 I  ProjectViewModel: Initializing
2025-04-11 01:21:26.308 16721-16721 System.out              com.bda.projectpulse                 I  ProjectViewModel: Current user ID: bQn67H2vIKVA6btfWJm3UroA9Bk2
2025-04-11 01:21:26.308 16721-16721 System.out              com.bda.projectpulse                 I  ProjectViewModel: Loading projects
2025-04-11 01:21:26.309 16721-16721 System.out              com.bda.projectpulse                 I  ProjectViewModel: Loading users
2025-04-11 01:21:26.310 16721-16721 System.out              com.bda.projectpulse                 I  ProjectViewModel: Loading current user
2025-04-11 01:21:26.342 16721-16721 WindowOnBackDispatcher  com.bda.projectpulse                 W  OnBackInvokedCallback is not enabled for the application.
                                                                                                    Set 'android:enableOnBackInvokedCallback="true"' in the application manifest.
2025-04-11 01:21:26.388 16721-16773 EGL_emulation           com.bda.projectpulse                 D  app_time_stats: avg=111.09ms min=2.46ms max=5296.58ms count=54
2025-04-11 01:21:26.389 16721-16721 System.out              com.bda.projectpulse                 I  ProjectViewModel: Loading project by ID: dtPbjdN2RbNOwEORdA4e
2025-04-11 01:21:26.392 16721-16721 System.out              com.bda.projectpulse                 I  ProjectViewModel: Loading users
2025-04-11 01:21:26.854 16721-16721 Firestore               com.bda.projectpulse                 W  (24.10.2) [CustomClassMapper]: No setter/field for fcmToken found on class com.bda.projectpulse.models.User
2025-04-11 01:21:26.857 16721-16721 System.out              com.bda.projectpulse                 I  ProjectViewModel: Current user for projects: User1, role: USER
2025-04-11 01:21:26.857 16721-16721 System.out              com.bda.projectpulse                 I  ProjectRepository: Setting up projects listener
2025-04-11 01:21:26.858 16721-16721 System.out              com.bda.projectpulse                 I  ProjectRepository: User role is USER, isAdmin: false
2025-04-11 01:21:26.869 16721-16721 Firestore               com.bda.projectpulse                 W  (24.10.2) [CustomClassMapper]: No setter/field for fcmToken found on class com.bda.projectpulse.models.User
2025-04-11 01:21:26.870 16721-16721 System.out              com.bda.projectpulse                 I  ProjectViewModel: Current user loaded: bQn67H2vIKVA6btfWJm3UroA9Bk2
2025-04-11 01:21:26.871 16721-16721 Firestore               com.bda.projectpulse                 W  (24.10.2) [CustomClassMapper]: No setter/field for fcmToken found on class com.bda.projectpulse.models.User
2025-04-11 01:21:26.876 16721-16721 Firestore               com.bda.projectpulse                 W  (24.10.2) [CustomClassMapper]: No setter/field for fcmToken found on class com.bda.projectpulse.models.User
2025-04-11 01:21:26.877 16721-16721 Firestore               com.bda.projectpulse                 W  (24.10.2) [CustomClassMapper]: No setter/field for fcmToken found on class com.bda.projectpulse.models.User
2025-04-11 01:21:26.877 16721-16721 System.out              com.bda.projectpulse                 I  ProjectViewModel: Users loaded: 4
2025-04-11 01:21:26.880 16721-16721 Firestore               com.bda.projectpulse                 W  (24.10.2) [CustomClassMapper]: No setter/field for fcmToken found on class com.bda.projectpulse.models.User
2025-04-11 01:21:26.881 16721-16721 Firestore               com.bda.projectpulse                 W  (24.10.2) [CustomClassMapper]: No setter/field for fcmToken found on class com.bda.projectpulse.models.User
2025-04-11 01:21:26.881 16721-16721 System.out              com.bda.projectpulse                 I  ProjectViewModel: Users loaded: 4
2025-04-11 01:21:26.891 16721-16721 System.out              com.bda.projectpulse                 I  ProjectRepository: Received projects snapshot
2025-04-11 01:21:26.891 16721-16721 System.out              com.bda.projectpulse                 I  ProjectRepository: Snapshot metadata: SnapshotMetadata{hasPendingWrites=false, isFromCache=false}
2025-04-11 01:21:26.891 16721-16721 System.out              com.bda.projectpulse                 I  ProjectRepository: Snapshot size: 3
2025-04-11 01:21:26.892 16721-16721 System.out              com.bda.projectpulse                 I  ProjectRepository: Processing document: dtPbjdN2RbNOwEORdA4e
2025-04-11 01:21:26.892 16721-16721 System.out              com.bda.projectpulse                 I  ProjectRepository: Successfully parsed project: not test 
2025-04-11 01:21:26.892 16721-16721 System.out              com.bda.projectpulse                 I  ProjectRepository: Processing document: 0qZ55ozPEZCCwsyq5vfo
2025-04-11 01:21:26.892 16721-16721 System.out              com.bda.projectpulse                 I  ProjectRepository: Successfully parsed project: Offline
2025-04-11 01:21:26.892 16721-16721 System.out              com.bda.projectpulse                 I  ProjectRepository: Processing document: zi9259O4I9n32z07XJYx
2025-04-11 01:21:26.893 16721-16721 System.out              com.bda.projectpulse                 I  ProjectRepository: Successfully parsed project: demo
2025-04-11 01:21:26.893 16721-16721 System.out              com.bda.projectpulse                 I  ProjectRepository: Emitting 3 projects
2025-04-11 01:21:26.893 16721-16721 System.out              com.bda.projectpulse                 I  ProjectViewModel: Projects loaded: 3
2025-04-11 01:21:26.949 16721-16721 System.out              com.bda.projectpulse                 I  ProjectViewModel: Project loaded: not test 
2025-04-11 01:21:28.829 16721-16773 EGL_emulation           com.bda.projectpulse                 D  app_time_stats: avg=50.30ms min=3.09ms max=1680.84ms count=41
2025-04-11 01:21:29.055 16721-16721 System.out              com.bda.projectpulse                 I  ProjectViewModel: Loading projects
2025-04-11 01:21:29.057 16721-16721 System.out              com.bda.projectpulse                 I  ProjectViewModel: Loading current user
2025-04-11 01:21:29.593 16721-16721 Firestore               com.bda.projectpulse                 W  (24.10.2) [CustomClassMapper]: No setter/field for fcmToken found on class com.bda.projectpulse.models.User
2025-04-11 01:21:29.593 16721-16721 System.out              com.bda.projectpulse                 I  ProjectViewModel: Current user for projects: User1, role: USER
2025-04-11 01:21:29.595 16721-16721 System.out              com.bda.projectpulse                 I  ProjectRepository: Setting up projects listener
2025-04-11 01:21:29.596 16721-16721 System.out              com.bda.projectpulse                 I  ProjectRepository: User role is USER, isAdmin: false
2025-04-11 01:21:29.598 16721-16721 Firestore               com.bda.projectpulse                 W  (24.10.2) [CustomClassMapper]: No setter/field for fcmToken found on class com.bda.projectpulse.models.User
2025-04-11 01:21:29.599 16721-16721 System.out              com.bda.projectpulse                 I  ProjectViewModel: Current user loaded: bQn67H2vIKVA6btfWJm3UroA9Bk2
2025-04-11 01:21:29.609 16721-16721 System.out              com.bda.projectpulse                 I  ProjectRepository: Received projects snapshot
2025-04-11 01:21:29.610 16721-16721 System.out              com.bda.projectpulse                 I  ProjectRepository: Snapshot metadata: SnapshotMetadata{hasPendingWrites=false, isFromCache=false}
2025-04-11 01:21:29.610 16721-16721 System.out              com.bda.projectpulse                 I  ProjectRepository: Snapshot size: 3
2025-04-11 01:21:29.610 16721-16721 System.out              com.bda.projectpulse                 I  ProjectRepository: Processing document: dtPbjdN2RbNOwEORdA4e
2025-04-11 01:21:29.611 16721-16721 System.out              com.bda.projectpulse                 I  ProjectRepository: Successfully parsed project: not test 
2025-04-11 01:21:29.611 16721-16721 System.out              com.bda.projectpulse                 I  ProjectRepository: Processing document: 0qZ55ozPEZCCwsyq5vfo
2025-04-11 01:21:29.611 16721-16721 System.out              com.bda.projectpulse                 I  ProjectRepository: Successfully parsed project: Offline
2025-04-11 01:21:29.612 16721-16721 System.out              com.bda.projectpulse                 I  ProjectRepository: Processing document: zi9259O4I9n32z07XJYx
2025-04-11 01:21:29.613 16721-16721 System.out              com.bda.projectpulse                 I  ProjectRepository: Successfully parsed project: demo
2025-04-11 01:21:29.613 16721-16721 System.out              com.bda.projectpulse                 I  ProjectRepository: Emitting 3 projects
2025-04-11 01:21:29.613 16721-16721 System.out              com.bda.projectpulse                 I  ProjectViewModel: Projects loaded: 3
2025-04-11 01:21:29.736 16721-16729 da.projectpulse         com.bda.projectpulse                 I  Background concurrent mark compact GC freed 7911KB AllocSpace bytes, 7(176KB) LOS objects, 49% free, 9290KB/18MB, paused 1.286ms,9.900ms total 112.739ms
2025-04-11 01:21:29.810 16721-16721 System.out              com.bda.projectpulse                 I  ProjectRepository: Closing projects listener
2025-04-11 01:21:29.811 16721-16721 System.out              com.bda.projectpulse                 I  ProjectViewModel: Error loading projects: Job was cancelled
2025-04-11 01:21:29.812 16721-16721 System.out              com.bda.projectpulse                 I  Error loading unread notifications count: Job was cancelled
2025-04-11 01:21:29.836 16721-16773 EGL_emulation           com.bda.projectpulse                 D  app_time_stats: avg=12.84ms min=2.19ms max=28.12ms count=57
2025-04-11 01:21:30.330 16721-16721 System.out              com.bda.projectpulse                 I  ProjectViewModel: Loading projects
2025-04-11 01:21:30.839 16721-16773 EGL_emulation           com.bda.projectpulse                 D  app_time_stats: avg=18.23ms min=2.47ms max=344.21ms count=40
2025-04-11 01:21:30.875 16721-16721 Firestore               com.bda.projectpulse                 W  (24.10.2) [CustomClassMapper]: No setter/field for fcmToken found on class com.bda.projectpulse.models.User
2025-04-11 01:21:30.878 16721-16721 System.out              com.bda.projectpulse                 I  ProjectViewModel: Current user for projects: User1, role: USER
2025-04-11 01:21:30.879 16721-16721 System.out              com.bda.projectpulse                 I  ProjectRepository: Setting up projects listener
2025-04-11 01:21:30.880 16721-16721 System.out              com.bda.projectpulse                 I  ProjectRepository: User role is USER, isAdmin: false
2025-04-11 01:21:30.903 16721-16721 System.out              com.bda.projectpulse                 I  ProjectRepository: Received projects snapshot
2025-04-11 01:21:30.903 16721-16721 System.out              com.bda.projectpulse                 I  ProjectRepository: Snapshot metadata: SnapshotMetadata{hasPendingWrites=false, isFromCache=false}
2025-04-11 01:21:30.903 16721-16721 System.out              com.bda.projectpulse                 I  ProjectRepository: Snapshot size: 3
2025-04-11 01:21:30.904 16721-16721 System.out              com.bda.projectpulse                 I  ProjectRepository: Processing document: dtPbjdN2RbNOwEORdA4e
2025-04-11 01:21:30.904 16721-16721 System.out              com.bda.projectpulse                 I  ProjectRepository: Successfully parsed project: not test 
2025-04-11 01:21:30.904 16721-16721 System.out              com.bda.projectpulse                 I  ProjectRepository: Processing document: 0qZ55ozPEZCCwsyq5vfo
2025-04-11 01:21:30.904 16721-16721 System.out              com.bda.projectpulse                 I  ProjectRepository: Successfully parsed project: Offline
2025-04-11 01:21:30.904 16721-16721 System.out              com.bda.projectpulse                 I  ProjectRepository: Processing document: zi9259O4I9n32z07XJYx
2025-04-11 01:21:30.905 16721-16721 System.out              com.bda.projectpulse                 I  ProjectRepository: Successfully parsed project: demo
2025-04-11 01:21:30.905 16721-16721 System.out              com.bda.projectpulse                 I  ProjectRepository: Emitting 3 projects
2025-04-11 01:21:30.905 16721-16721 System.out              com.bda.projectpulse                 I  ProjectViewModel: Projects loaded: 3
2025-04-11 01:21:46.065 16721-16773 EGL_emulation           com.bda.projectpulse                 D  app_time_stats: avg=1077.80ms min=2.55ms max=14983.26ms count=14
2025-04-11 01:21:46.208 16721-16721 WindowOnBackDispatcher  com.bda.projectpulse                 W  OnBackInvokedCallback is not enabled for the application.
                                                                                                    Set 'android:enableOnBackInvokedCallback="true"' in the application manifest.
2025-04-11 01:21:46.704 16721-16721 Firestore               com.bda.projectpulse                 W  (24.10.2) [CustomClassMapper]: No setter/field for fcmToken found on class com.bda.projectpulse.models.User
2025-04-11 01:21:47.066 16721-16773 EGL_emulation           com.bda.projectpulse                 D  app_time_stats: avg=16.62ms min=11.86ms max=24.99ms count=60
2025-04-11 01:21:47.246 16721-16785 Firestore               com.bda.projectpulse                 W  (24.10.2) [Firestore]: Listen for Query(target=Query(notifications where recipientId==bQn67H2vIKVA6btfWJm3UroA9Bk2 order by -timestamp, -__name__);limitType=LIMIT_TO_FIRST) failed: Status{code=FAILED_PRECONDITION, description=The query requires an index. You can create it here: https://console.firebase.google.com/v1/r/project/projectpulse-c7ab6/firestore/indexes?create_composite=Clhwcm9qZWN0cy9wcm9qZWN0cHVsc2UtYzdhYjYvZGF0YWJhc2VzLyhkZWZhdWx0KS9jb2xsZWN0aW9uR3JvdXBzL25vdGlmaWNhdGlvbnMvaW5kZXhlcy9fEAEaDwoLcmVjaXBpZW50SWQQARoNCgl0aW1lc3RhbXAQAhoMCghfX25hbWVfXxAC, cause=null}
2025-04-11 01:21:47.249 16721-16721 NotificationRepo        com.bda.projectpulse                 E  Error fetching notifications
                                                                                                    com.google.firebase.firestore.FirebaseFirestoreException: FAILED_PRECONDITION: The query requires an index. You can create it here: https://console.firebase.google.com/v1/r/project/projectpulse-c7ab6/firestore/indexes?create_composite=Clhwcm9qZWN0cy9wcm9qZWN0cHVsc2UtYzdhYjYvZGF0YWJhc2VzLyhkZWZhdWx0KS9jb2xsZWN0aW9uR3JvdXBzL25vdGlmaWNhdGlvbnMvaW5kZXhlcy9fEAEaDwoLcmVjaXBpZW50SWQQARoNCgl0aW1lc3RhbXAQAhoMCghfX25hbWVfXxAC
                                                                                                    	at com.google.firebase.firestore.util.Util.exceptionFromStatus(Util.java:113)
                                                                                                    	at com.google.firebase.firestore.core.EventManager.onError(EventManager.java:166)
                                                                                                    	at com.google.firebase.firestore.core.SyncEngine.removeAndCleanupTarget(SyncEngine.java:604)
                                                                                                    	at com.google.firebase.firestore.core.SyncEngine.handleRejectedListen(SyncEngine.java:440)
                                                                                                    	at com.google.firebase.firestore.core.MemoryComponentProvider$RemoteStoreCallback.handleRejectedListen(MemoryComponentProvider.java:130)
                                                                                                    	at com.google.firebase.firestore.remote.RemoteStore.processTargetError(RemoteStore.java:591)
                                                                                                    	at com.google.firebase.firestore.remote.RemoteStore.handleWatchChange(RemoteStore.java:474)
                                                                                                    	at com.google.firebase.firestore.remote.RemoteStore.access$100(RemoteStore.java:60)
                                                                                                    	at com.google.firebase.firestore.remote.RemoteStore$1.onWatchChange(RemoteStore.java:183)
                                                                                                    	at com.google.firebase.firestore.remote.WatchStream.onNext(WatchStream.java:109)
                                                                                                    	at com.google.firebase.firestore.remote.WatchStream.onNext(WatchStream.java:38)
                                                                                                    	at com.google.firebase.firestore.remote.AbstractStream$StreamObserver.lambda$onNext$1$com-google-firebase-firestore-remote-AbstractStream$StreamObserver(AbstractStream.java:119)
                                                                                                    	at com.google.firebase.firestore.remote.AbstractStream$StreamObserver$$ExternalSyntheticLambda2.run(Unknown Source:4)
                                                                                                    	at com.google.firebase.firestore.remote.AbstractStream$CloseGuardedRunner.run(AbstractStream.java:67)
                                                                                                    	at com.google.firebase.firestore.remote.AbstractStream$StreamObserver.onNext(AbstractStream.java:110)
                                                                                                    	at com.google.firebase.firestore.remote.FirestoreChannel$1.onMessage(FirestoreChannel.java:140)
                                                                                                    	at io.grpc.internal.DelayedClientCall$DelayedListener.onMessage(DelayedClientCall.java:473)
                                                                                                    	at io.grpc.internal.ClientCallImpl$ClientStreamListenerImpl$1MessagesAvailable.runInternal(ClientCallImpl.java:660)
                                                                                                    	at io.grpc.internal.ClientCallImpl$ClientStreamListenerImpl$1MessagesAvailable.runInContext(ClientCallImpl.java:647)
                                                                                                    	at io.grpc.internal.ContextRunnable.run(ContextRunnable.java:37)
                                                                                                    	at io.grpc.internal.SerializingExecutor.run(SerializingExecutor.java:133)
                                                                                                    	at java.util.concurrent.Executors$RunnableAdapter.call(Executors.java:487)
                                                                                                    	at java.util.concurrent.FutureTask.run(FutureTask.java:264)
                                                                                                    	at java.util.concurrent.ScheduledThreadPoolExecutor$ScheduledFutureTask.run(ScheduledThreadPoolExecutor.java:307)
                                                                                                    	at java.util.concurrent.ThreadPoolExecutor.runWorker(ThreadPoolExecutor.java:1145)
                                                                                                    	at java.util.concurrent.ThreadPoolExecutor$Worker.run(ThreadPoolExecutor.java:644)
                                                                                                    	at com.google.firebase.firestore.util.AsyncQueue$SynchronizedShutdownAwareExecutor$DelayedStartFactory.run(AsyncQueue.java:235)
                                                                                                    	at java.lang.Thread.run(Thread.java:1012)
