2025-04-10 06:05:59.670 11195-11195 FrameTracker                                                 E  force finish cuj, time out: J<IME_INSETS_SHOW_ANIMATION::0@0@com.bda.projectpulse>
2025-04-10 06:50:09.784 12433-12433 FrameTracker                                                 E  force finish cuj, time out: J<IME_INSETS_SHOW_ANIMATION::0@0@com.bda.projectpulse>
2025-04-10 06:57:41.659 12688-12688 FrameTracker                                                 E  force finish cuj, time out: J<IME_INSETS_SHOW_ANIMATION::0@0@com.bda.projectpulse>
2025-04-10 07:05:11.795 12915-12915 FrameTracker                                                 E  force finish cuj, time out: J<IME_INSETS_HIDE_ANIMATION::1@0@com.bda.projectpulse>
2025-04-10 07:05:30.420 12915-12915 FrameTracker                                                 E  force finish cuj, time out: J<IME_INSETS_SHOW_ANIMATION::0@0@com.bda.projectpulse>
2025-04-10 07:13:22.627 13176-13176 FrameTracker                                                 E  force finish cuj, time out: J<IME_INSETS_SHOW_ANIMATION::0@0@com.bda.projectpulse>
2025-04-10 08:24:52.395 14209-14209 FrameTracker                                                 E  force finish cuj, time out: J<IME_INSETS_SHOW_ANIMATION::0@0@com.bda.projectpulse>
2025-04-10 08:51:42.133   615-816   ConnectivityService     system_server                        E  RemoteException caught trying to send a callback msg for NetworkRequest [ TRACK_DEFAULT id=424, [ Capabilities: INTERNET&NOT_RESTRICTED&TRUSTED&NOT_VCN_MANAGED&NOT_BANDWIDTH_CONSTRAINED Uid: 10211 RequestorUid: 10211 RequestorPkg: com.bda.projectpulse UnderlyingNetworks: Null] ]
2025-04-10 08:51:42.186   615-816   ConnectivityService     system_server                        E  RemoteException caught trying to send a callback msg for NetworkRequest [ TRACK_DEFAULT id=426, [ Capabilities: INTERNET&NOT_RESTRICTED&TRUSTED&NOT_VCN_MANAGED&NOT_BANDWIDTH_CONSTRAINED Uid: 10211 RequestorUid: 10211 RequestorPkg: com.bda.projectpulse UnderlyingNetworks: Null] ]
2025-04-10 08:52:14.855 14575-14575 AndroidRuntime                                               E  FATAL EXCEPTION: main
                                                                                                    Process: com.bda.projectpulse, PID: 14575
                                                                                                    java.lang.IllegalArgumentException: Navigation destination that matches request NavDeepLinkRequest{ uri=android-app://androidx.navigation/projectDetails/dtPbjdN2RbNOwEORdA4e } cannot be found in the navigation graph ComposeNavGraph(0x0) startDestination={Destination(0x78d52eb5) route=auth}
                                                                                                    	at androidx.navigation.NavController.navigate(NavController.kt:1819)
                                                                                                    	at androidx.navigation.NavController.navigate(NavController.kt:2225)
                                                                                                    	at androidx.navigation.NavController.navigate$default(NavController.kt:2220)
                                                                                                    	at com.bda.projectpulse.navigation.AppNavigationKt$AppNavigation$1$2$1.invoke(AppNavigation.kt:54)
                                                                                                    	at com.bda.projectpulse.navigation.AppNavigationKt$AppNavigation$1$2$1.invoke(AppNavigation.kt:52)
                                                                                                    	at com.bda.projectpulse.ui.projects.ProjectListScreenKt$ProjectListScreen$7$3$1$2$1.invoke(ProjectListScreen.kt:189)
                                                                                                    	at com.bda.projectpulse.ui.projects.ProjectListScreenKt$ProjectListScreen$7$3$1$2$1.invoke(ProjectListScreen.kt:187)
                                                                                                    	at androidx.compose.foundation.ClickablePointerInputNode$pointerInput$3.invoke-k-4lQ0M(Clickable.kt:895)
                                                                                                    	at androidx.compose.foundation.ClickablePointerInputNode$pointerInput$3.invoke(Clickable.kt:889)
                                                                                                    	at androidx.compose.foundation.gestures.TapGestureDetectorKt$detectTapAndPress$2$1.invokeSuspend(TapGestureDetector.kt:255)
                                                                                                    	at kotlin.coroutines.jvm.internal.BaseContinuationImpl.resumeWith(ContinuationImpl.kt:33)
                                                                                                    	at kotlinx.coroutines.DispatchedTaskKt.resume(DispatchedTask.kt:179)
                                                                                                    	at kotlinx.coroutines.DispatchedTaskKt.dispatch(DispatchedTask.kt:168)
                                                                                                    	at kotlinx.coroutines.CancellableContinuationImpl.dispatchResume(CancellableContinuationImpl.kt:474)
                                                                                                    	at kotlinx.coroutines.CancellableContinuationImpl.resumeImpl(CancellableContinuationImpl.kt:508)
                                                                                                    	at kotlinx.coroutines.CancellableContinuationImpl.resumeImpl$default(CancellableContinuationImpl.kt:497)
                                                                                                    	at kotlinx.coroutines.CancellableContinuationImpl.resumeWith(CancellableContinuationImpl.kt:368)
                                                                                                    	at androidx.compose.ui.input.pointer.SuspendingPointerInputModifierNodeImpl$PointerEventHandlerCoroutine.offerPointerEvent(SuspendingPointerInputFilter.kt:665)
                                                                                                    	at androidx.compose.ui.input.pointer.SuspendingPointerInputModifierNodeImpl.dispatchPointerEvent(SuspendingPointerInputFilter.kt:544)
                                                                                                    	at androidx.compose.ui.input.pointer.SuspendingPointerInputModifierNodeImpl.onPointerEvent-H0pRuoY(SuspendingPointerInputFilter.kt:566)
                                                                                                    	at androidx.compose.foundation.AbstractClickablePointerInputNode.onPointerEvent-H0pRuoY(Clickable.kt:855)
                                                                                                    	at androidx.compose.foundation.AbstractClickableNode.onPointerEvent-H0pRuoY(Clickable.kt:703)
                                                                                                    	at androidx.compose.ui.input.pointer.Node.dispatchMainEventPass(HitPathTracker.kt:317)
                                                                                                    	at androidx.compose.ui.input.pointer.Node.dispatchMainEventPass(HitPathTracker.kt:303)
                                                                                                    	at androidx.compose.ui.input.pointer.Node.dispatchMainEventPass(HitPathTracker.kt:303)
                                                                                                    	at androidx.compose.ui.input.pointer.Node.dispatchMainEventPass(HitPathTracker.kt:303)
                                                                                                    	at androidx.compose.ui.input.pointer.Node.dispatchMainEventPass(HitPathTracker.kt:303)
                                                                                                    	at androidx.compose.ui.input.pointer.Node.dispatchMainEventPass(HitPathTracker.kt:303)
                                                                                                    	at androidx.compose.ui.input.pointer.Node.dispatchMainEventPass(HitPathTracker.kt:303)
                                                                                                    	at androidx.compose.ui.input.pointer.NodeParent.dispatchMainEventPass(HitPathTracker.kt:183)
                                                                                                    	at androidx.compose.ui.input.pointer.HitPathTracker.dispatchChanges(HitPathTracker.kt:102)
                                                                                                    	at androidx.compose.ui.input.pointer.PointerInputEventProcessor.process-BIzXfog(PointerInputEventProcessor.kt:96)
                                                                                                    	at androidx.compose.ui.platform.AndroidComposeView.sendMotionEvent-8iAsVTc(AndroidComposeView.android.kt:1446)
                                                                                                    	at androidx.compose.ui.platform.AndroidComposeView.handleMotionEvent-8iAsVTc(AndroidComposeView.android.kt:1398)
                                                                                                    	at androidx.compose.ui.platform.AndroidComposeView.dispatchTouchEvent(AndroidComposeView.android.kt:1338)
                                                                                                    	at android.view.ViewGroup.dispatchTransformedTouchEvent(ViewGroup.java:3122)
                                                                                                    	at android.view.ViewGroup.dispatchTouchEvent(ViewGroup.java:2803)
2025-04-10 09:33:07.948 14906-14906 FrameTracker                                                 E  force finish cuj, time out: J<IME_INSETS_SHOW_ANIMATION::0@0@com.bda.projectpulse>
2025-04-11 00:28:05.813 15594-15594 da.projectpulse         com.bda.projectpulse                 I  Late-enabling -Xcheck:jni
2025-04-11 00:28:06.425 15594-15594 da.projectpulse         com.bda.projectpulse                 I  Using CollectorTypeCMC GC.
2025-04-11 00:28:06.426 15594-15594 da.projectpulse         com.bda.projectpulse                 W  Unexpected CPU variant for x86: x86_64.
                                                                                                    Known variants: atom, sandybridge, silvermont, goldmont, goldmont-plus, goldmont-without-sha-xsaves, tremont, kabylake, default
2025-04-11 00:28:06.472 15594-15594 nativeloader            com.bda.projectpulse                 D  Load libframework-connectivity-tiramisu-jni.so using APEX ns com_android_tethering for caller /apex/com.android.tethering/javalib/framework-connectivity-t.jar: ok
2025-04-11 00:28:06.666 15594-15594 CompatChangeReporter    com.bda.projectpulse                 D  Compat change id reported: 242716250; UID 10211; state: ENABLED
2025-04-11 00:28:06.719 15594-15594 ziparchive              com.bda.projectpulse                 W  Unable to open '/data/app/~~OVYsCx_pQFkpcVTOQZxSSQ==/com.bda.projectpulse-wh48iRQlosLATjeYc9d2oA==/base.dm': No such file or directory
2025-04-11 00:28:06.719 15594-15594 ziparchive              com.bda.projectpulse                 W  Unable to open '/data/app/~~OVYsCx_pQFkpcVTOQZxSSQ==/com.bda.projectpulse-wh48iRQlosLATjeYc9d2oA==/base.dm': No such file or directory
2025-04-11 00:28:08.410 15594-15594 nativeloader            com.bda.projectpulse                 D  Configuring clns-7 for other apk /data/app/~~OVYsCx_pQFkpcVTOQZxSSQ==/com.bda.projectpulse-wh48iRQlosLATjeYc9d2oA==/base.apk. target_sdk_version=34, uses_libraries=, library_path=/data/app/~~OVYsCx_pQFkpcVTOQZxSSQ==/com.bda.projectpulse-wh48iRQlosLATjeYc9d2oA==/lib/x86_64, permitted_path=/data:/mnt/expand:/data/user/0/com.bda.projectpulse
2025-04-11 00:28:08.462 15594-15594 GraphicsEnvironment     com.bda.projectpulse                 V  Currently set values for:
2025-04-11 00:28:08.463 15594-15594 GraphicsEnvironment     com.bda.projectpulse                 V    angle_gl_driver_selection_pkgs=[]
2025-04-11 00:28:08.463 15594-15594 GraphicsEnvironment     com.bda.projectpulse                 V    angle_gl_driver_selection_values=[]
2025-04-11 00:28:08.463 15594-15594 GraphicsEnvironment     com.bda.projectpulse                 V  Global.Settings values are invalid: number of packages: 0, number of values: 0
2025-04-11 00:28:08.463 15594-15594 GraphicsEnvironment     com.bda.projectpulse                 V  Neither updatable production driver nor prerelease driver is supported.
2025-04-11 00:28:08.569 15594-15594 FirebaseApp             com.bda.projectpulse                 I  Device unlocked: initializing all Firebase APIs for app [DEFAULT]
2025-04-11 00:28:08.606 15594-15594 CompatChangeReporter    com.bda.projectpulse                 D  Compat change id reported: 3400644; UID 10211; state: ENABLED
2025-04-11 00:28:08.745 15594-15594 FirebaseInitProvider    com.bda.projectpulse                 I  FirebaseApp initialization successful
2025-04-11 00:28:08.755 15594-15620 ziparchive              com.bda.projectpulse                 W  Unable to open '/data/user_de/0/com.google.android.gms/app_chimera/m/00000002/DynamiteLoader.uncompressed.dm': No such file or directory
2025-04-11 00:28:08.755 15594-15620 ziparchive              com.bda.projectpulse                 W  Unable to open '/data/user_de/0/com.google.android.gms/app_chimera/m/00000002/DynamiteLoader.uncompressed.dm': No such file or directory
2025-04-11 00:28:08.827 15594-15620 DynamiteModule          com.bda.projectpulse                 I  Considering local module com.google.android.gms.measurement.dynamite:100 and remote module com.google.android.gms.measurement.dynamite:115
2025-04-11 00:28:08.827 15594-15620 DynamiteModule          com.bda.projectpulse                 I  Selected remote version of com.google.android.gms.measurement.dynamite, version >= 115
2025-04-11 00:28:08.827 15594-15620 DynamiteModule          com.bda.projectpulse                 V  Dynamite loader version >= 2, using loadModule2NoCrashUtils
2025-04-11 00:28:08.980 15594-15620 ziparchive              com.bda.projectpulse                 W  Unable to open '/data/user_de/0/com.google.android.gms/app_chimera/m/00000007/MeasurementDynamite.dm': No such file or directory
2025-04-11 00:28:08.980 15594-15620 ziparchive              com.bda.projectpulse                 W  Unable to open '/data/user_de/0/com.google.android.gms/app_chimera/m/00000007/MeasurementDynamite.dm': No such file or directory
2025-04-11 00:28:09.176 15594-15594 HWUI                    com.bda.projectpulse                 W  Unknown dataspace 0
2025-04-11 00:28:09.638 15594-15594 da.projectpulse         com.bda.projectpulse                 W  Method java.lang.Object androidx.compose.runtime.snapshots.SnapshotStateMap.mutate(kotlin.jvm.functions.Function1) failed lock verification and will run slower.
                                                                                                    Common causes for lock verification issues are non-optimized dex code
                                                                                                    and incorrect proguard optimizations.
2025-04-11 00:28:09.639 15594-15594 da.projectpulse         com.bda.projectpulse                 W  Method void androidx.compose.runtime.snapshots.SnapshotStateMap.update(kotlin.jvm.functions.Function1) failed lock verification and will run slower.
2025-04-11 00:28:09.640 15594-15594 da.projectpulse         com.bda.projectpulse                 W  Method boolean androidx.compose.runtime.snapshots.SnapshotStateMap.removeIf$runtime_release(kotlin.jvm.functions.Function1) failed lock verification and will run slower.
2025-04-11 00:28:09.833 15594-15631 da.projectpulse         com.bda.projectpulse                 W  Verification of void m.rj.<init>() took 115.198ms (130.21 bytecodes/s) (2352B approximate peak alloc)
2025-04-11 00:28:09.859 15594-15631 FA                      com.bda.projectpulse                 I  App measurement initialized, version: 95014
2025-04-11 00:28:09.859 15594-15631 FA                      com.bda.projectpulse                 I  To enable debug logging run: adb shell setprop log.tag.FA VERBOSE
2025-04-11 00:28:09.859 15594-15631 FA                      com.bda.projectpulse                 I  To enable faster debug mode event logging run:
                                                                                                      adb shell setprop debug.firebase.analytics.app com.bda.projectpulse
2025-04-11 00:28:09.957 15594-15594 FirebaseAuth            com.bda.projectpulse                 D  Notifying id token listeners about user ( bQn67H2vIKVA6btfWJm3UroA9Bk2 ).
2025-04-11 00:28:10.110 15594-15594 da.projectpulse         com.bda.projectpulse                 W  Method boolean androidx.compose.runtime.snapshots.SnapshotStateList.conditionalUpdate(kotlin.jvm.functions.Function1) failed lock verification and will run slower.
2025-04-11 00:28:10.110 15594-15594 da.projectpulse         com.bda.projectpulse                 W  Method java.lang.Object androidx.compose.runtime.snapshots.SnapshotStateList.mutate(kotlin.jvm.functions.Function1) failed lock verification and will run slower.
2025-04-11 00:28:10.111 15594-15594 da.projectpulse         com.bda.projectpulse                 W  Method void androidx.compose.runtime.snapshots.SnapshotStateList.update(kotlin.jvm.functions.Function1) failed lock verification and will run slower.
2025-04-11 00:28:10.458 15594-15639 DynamiteModule          com.bda.projectpulse                 W  Local module descriptor class for com.google.android.gms.providerinstaller.dynamite not found.
2025-04-11 00:28:10.474 15594-15639 DynamiteModule          com.bda.projectpulse                 I  Considering local module com.google.android.gms.providerinstaller.dynamite:0 and remote module com.google.android.gms.providerinstaller.dynamite:0
2025-04-11 00:28:10.475 15594-15639 ProviderInstaller       com.bda.projectpulse                 W  Failed to load providerinstaller module: No acceptable module com.google.android.gms.providerinstaller.dynamite found. Local version is 0 and remote version is 0.
2025-04-11 00:28:10.480 15594-15639 ApplicationLoaders      com.bda.projectpulse                 D  Returning zygote-cached class loader: /system/framework/org.apache.http.legacy.jar
2025-04-11 00:28:10.562 15594-15639 nativeloader            com.bda.projectpulse                 D  Configuring clns-8 for other apk /system/framework/com.android.media.remotedisplay.jar. target_sdk_version=34, uses_libraries=ALL, library_path=/product/priv-app/PrebuiltGmsCore/lib/x86_64:/product/priv-app/PrebuiltGmsCore/PrebuiltGmsCore.apk!/lib/x86_64, permitted_path=/data:/mnt/expand:/data/user/0/com.google.android.gms
2025-04-11 00:28:10.588 15594-15637 System                  com.bda.projectpulse                 W  Ignoring header X-Firebase-Locale because its value was null.
2025-04-11 00:28:10.630 15594-15639 nativeloader            com.bda.projectpulse                 D  Configuring clns-9 for other apk /system/framework/com.android.location.provider.jar. target_sdk_version=34, uses_libraries=ALL, library_path=/product/priv-app/PrebuiltGmsCore/lib/x86_64:/product/priv-app/PrebuiltGmsCore/PrebuiltGmsCore.apk!/lib/x86_64, permitted_path=/data:/mnt/expand:/data/user/0/com.google.android.gms
2025-04-11 00:28:10.645 15594-15639 ApplicationLoaders      com.bda.projectpulse                 D  Returning zygote-cached class loader: /system_ext/framework/androidx.window.extensions.jar
2025-04-11 00:28:10.654 15594-15639 ApplicationLoaders      com.bda.projectpulse                 D  Returning zygote-cached class loader: /system_ext/framework/androidx.window.sidecar.jar
2025-04-11 00:28:10.662 15594-15637 LocalRequestInterceptor com.bda.projectpulse                 W  Error getting App Check token; using placeholder token instead. Error: com.google.firebase.FirebaseException: No AppCheckProvider installed.
2025-04-11 00:28:10.710 15594-15639 nativeloader            com.bda.projectpulse                 D  InitLlndkLibrariesProduct: libEGL.so:libGLESv1_CM.so:libGLESv2.so:libGLESv3.so:libRS.so:libandroid_net.so:libapexsupport.so:libbinder_ndk.so:libc.so:libcgrouprc.so:libclang_rt.asan-x86_64-android.so:libcom.android.tethering.connectivity_native.so:libdl.so:libft2.so:liblog.so:libm.so:libmediandk.so:libnativewindow.so:libneuralnetworks.so:libselinux.so:libsync.so:libvendorsupport.so:libvndksupport.so:libvulkan.so
2025-04-11 00:28:10.710 15594-15639 nativeloader            com.bda.projectpulse                 D  Configuring product-clns-10 for unbundled product apk /product/priv-app/PrebuiltGmsCore/PrebuiltGmsCore.apk. target_sdk_version=34, uses_libraries=, library_path=/product/priv-app/PrebuiltGmsCore/lib/x86_64:/product/priv-app/PrebuiltGmsCore/PrebuiltGmsCore.apk!/lib/x86_64:/product/lib64:/system/product/lib64, permitted_path=/data:/mnt/expand:/data/user/0/com.google.android.gms:/product/lib64:/system/product/lib64
2025-04-11 00:28:10.719 15594-15639 nativeloader            com.bda.projectpulse                 D  InitVndkspLibrariesProduct: VNDK is deprecated with product
2025-04-11 00:28:10.730 15594-15639 ProviderInstaller       com.bda.projectpulse                 W  Failed to report request stats: com.google.android.gms.common.security.ProviderInstallerImpl.reportRequestStats [class android.content.Context, long, long]
2025-04-11 00:28:10.851 15594-15594 CompatChangeReporter    com.bda.projectpulse                 D  Compat change id reported: 289878283; UID 10211; state: ENABLED
2025-04-11 00:28:10.983 15594-15637 TrafficStats            com.bda.projectpulse                 D  tagSocket(120) with statsTag=0xffffffff, statsUid=-1
2025-04-11 00:28:11.148 15594-15639 nativeloader            com.bda.projectpulse                 D  Load /product/priv-app/PrebuiltGmsCore/PrebuiltGmsCore.apk!/lib/x86_64/libconscrypt_gmscore_jni.so using ns product-clns-10 from class loader (caller=/product/priv-app/PrebuiltGmsCore/PrebuiltGmsCore.apk!classes3.dex): ok
2025-04-11 00:28:11.167 15594-15627 EGL_emulation           com.bda.projectpulse                 I  Opening libGLESv1_CM_emulation.so
2025-04-11 00:28:11.168 15594-15627 EGL_emulation           com.bda.projectpulse                 I  Opening libGLESv2_emulation.so
2025-04-11 00:28:11.212 15594-15639 NativeCrypto            com.bda.projectpulse                 V  Registering com/google/android/gms/org/conscrypt/NativeCrypto's 305 native methods...
2025-04-11 00:28:11.224 15594-15627 HWUI                    com.bda.projectpulse                 W  Failed to choose config with EGL_SWAP_BEHAVIOR_PRESERVED, retrying without...
2025-04-11 00:28:11.227 15594-15627 HWUI                    com.bda.projectpulse                 W  Failed to initialize 101010-2 format, error = EGL_SUCCESS
2025-04-11 00:28:11.288 15594-15639 da.projectpulse         com.bda.projectpulse                 W  Accessing hidden method Ljava/security/spec/ECParameterSpec;->getCurveName()Ljava/lang/String; (unsupported, reflection, allowed)
2025-04-11 00:28:11.407 15594-15627 Gralloc4                com.bda.projectpulse                 I  mapper 4.x is not supported
2025-04-11 00:28:11.470 15594-15608 da.projectpulse         com.bda.projectpulse                 I  WaitForGcToComplete blocked DeletingDexCacheArrays on ClassLinker for 22.730ms
2025-04-11 00:28:11.486 15594-15639 ProviderInstaller       com.bda.projectpulse                 I  Installed default security provider GmsCore_OpenSSL
2025-04-11 00:28:11.543 15594-15631 FA                      com.bda.projectpulse                 I  Tag Manager is not found and thus will not be used
2025-04-11 00:28:11.711 15594-15614 HWUI                    com.bda.projectpulse                 I  Davey! duration=2489ms; Flags=1, FrameTimelineVsyncId=1147518, IntendedVsync=63585716651318, Vsync=63585716651318, InputEventId=0, HandleInputStart=63585730150400, AnimationStart=63585730170600, PerformTraversalsStart=63585730197100, DrawStart=63588022875000, FrameDeadline=63585733317984, FrameInterval=63585730125900, FrameStartTime=16666666, SyncQueued=63588054669300, SyncStart=63588058904000, IssueDrawCommandsStart=63588063544400, SwapBuffers=63588191331600, FrameCompleted=63588210025700, DequeueBufferDuration=38400, QueueBufferDuration=1026700, GpuCompleted=63588210025700, SwapBuffersCompleted=63588197626300, DisplayPresentTime=72904454231359566, CommandSubmissionCompleted=63588191331600, 
2025-04-11 00:28:11.774 15594-15594 AuthViewModel           com.bda.projectpulse                 E  Error getting user data
                                                                                                    kotlinx.coroutines.JobCancellationException: Job was cancelled; job=SupervisorJobImpl{Cancelling}@c11eea7
2025-04-11 00:28:11.774 15594-15594 FirebaseAuthManager     com.bda.projectpulse                 E  Error checking for admin user
                                                                                                    kotlinx.coroutines.JobCancellationException: Job was cancelled; job=SupervisorJobImpl{Cancelling}@c11eea7
2025-04-11 00:28:11.774 15594-15594 AuthViewModel           com.bda.projectpulse                 D  Checking for admin user. Has admin: false
2025-04-11 00:28:11.775 15594-15594 AuthViewModel           com.bda.projectpulse                 D  No admin exists, showing all roles
2025-04-11 00:28:11.779 15594-15594 Choreographer           com.bda.projectpulse                 I  Skipped 143 frames!  The application may be doing too much work on its main thread.
2025-04-11 00:28:11.827 15594-15594 System.out              com.bda.projectpulse                 I  ProjectViewModel: Initializing
2025-04-11 00:28:11.828 15594-15594 System.out              com.bda.projectpulse                 I  ProjectViewModel: Current user ID: bQn67H2vIKVA6btfWJm3UroA9Bk2
2025-04-11 00:28:11.829 15594-15594 System.out              com.bda.projectpulse                 I  ProjectViewModel: Loading projects
2025-04-11 00:28:11.829 15594-15594 System.out              com.bda.projectpulse                 I  ProjectViewModel: Loading users
2025-04-11 00:28:11.830 15594-15594 System.out              com.bda.projectpulse                 I  ProjectViewModel: Loading current user
2025-04-11 00:28:11.942 15594-15664 TrafficStats            com.bda.projectpulse                 D  tagSocket(143) with statsTag=0xffffffff, statsUid=-1
2025-04-11 00:28:12.020 15594-15664 da.projectpulse         com.bda.projectpulse                 W  Accessing hidden field Ljava/net/Socket;->impl:Ljava/net/SocketImpl; (unsupported, reflection, allowed)
2025-04-11 00:28:12.148 15594-15637 da.projectpulse         com.bda.projectpulse                 W  Accessing hidden method Ljava/security/spec/ECParameterSpec;->setCurveName(Ljava/lang/String;)V (unsupported, reflection, allowed)
2025-04-11 00:28:12.264 15594-15614 HWUI                    com.bda.projectpulse                 I  Davey! duration=2866ms; Flags=0, FrameTimelineVsyncId=1147541, IntendedVsync=63585916651310, Vsync=63588299984548, InputEventId=0, HandleInputStart=63588302783500, AnimationStart=63588302810100, PerformTraversalsStart=63588465042400, DrawStart=63588469942300, FrameDeadline=63588233317884, FrameInterval=63588302029700, FrameStartTime=16666666, SyncQueued=63588766307800, SyncStart=63588767740000, IssueDrawCommandsStart=63588777133600, SwapBuffers=63588777630600, FrameCompleted=63588784235500, DequeueBufferDuration=246600, QueueBufferDuration=2901800, GpuCompleted=63588784235500, SwapBuffersCompleted=63588781150700, DisplayPresentTime=144115222452437076, CommandSubmissionCompleted=63588777630600, 
2025-04-11 00:28:12.288 15594-15594 System.out              com.bda.projectpulse                 I  ProjectViewModel: Loading projects
2025-04-11 00:28:12.289 15594-15594 System.out              com.bda.projectpulse                 I  ProjectViewModel: Loading current user
2025-04-11 00:28:12.294 15594-15594 Choreographer           com.bda.projectpulse                 I  Skipped 30 frames!  The application may be doing too much work on its main thread.
2025-04-11 00:28:12.491 15594-15647 System                  com.bda.projectpulse                 W  Ignoring header X-Firebase-Locale because its value was null.
2025-04-11 00:28:12.539 15594-15670 System                  com.bda.projectpulse                 W  Ignoring header X-Firebase-Locale because its value was null.
2025-04-11 00:28:12.580 15594-15647 LocalRequestInterceptor com.bda.projectpulse                 W  Error getting App Check token; using placeholder token instead. Error: com.google.firebase.FirebaseException: No AppCheckProvider installed.
2025-04-11 00:28:12.587 15594-15647 TrafficStats            com.bda.projectpulse                 D  tagSocket(142) with statsTag=0xffffffff, statsUid=-1
2025-04-11 00:28:12.598 15594-15670 LocalRequestInterceptor com.bda.projectpulse                 W  Error getting App Check token; using placeholder token instead. Error: com.google.firebase.FirebaseException: No AppCheckProvider installed.
2025-04-11 00:28:12.626 15594-15670 TrafficStats            com.bda.projectpulse                 D  tagSocket(155) with statsTag=0xffffffff, statsUid=-1
2025-04-11 00:28:12.936 15594-15637 FirebaseAuth            com.bda.projectpulse                 D  Notifying id token listeners about user ( bQn67H2vIKVA6btfWJm3UroA9Bk2 ).
2025-04-11 00:28:13.144 15594-15647 FirebaseAuth            com.bda.projectpulse                 D  Notifying id token listeners about user ( bQn67H2vIKVA6btfWJm3UroA9Bk2 ).
2025-04-11 00:28:13.170 15594-15607 da.projectpulse         com.bda.projectpulse                 I  Compiler allocated 5174KB to compile void android.view.ViewRootImpl.performTraversals()
2025-04-11 00:28:13.267 15594-15627 EGL_emulation           com.bda.projectpulse                 D  app_time_stats: avg=23.65ms min=1.92ms max=583.26ms count=50
2025-04-11 00:28:13.768 15594-15594 Firestore               com.bda.projectpulse                 W  (24.10.2) [CustomClassMapper]: No setter/field for fcmToken found on class com.bda.projectpulse.models.User
2025-04-11 00:28:13.768 15594-15594 System.out              com.bda.projectpulse                 I  ProjectViewModel: Current user for projects: User1, role: USER
2025-04-11 00:28:13.771 15594-15594 System.out              com.bda.projectpulse                 I  ProjectRepository: Setting up projects listener
2025-04-11 00:28:13.772 15594-15594 System.out              com.bda.projectpulse                 I  ProjectRepository: User role is USER, isAdmin: false
2025-04-11 00:28:13.775 15594-15594 Firestore               com.bda.projectpulse                 W  (24.10.2) [CustomClassMapper]: No setter/field for fcmToken found on class com.bda.projectpulse.models.User
2025-04-11 00:28:13.776 15594-15594 System.out              com.bda.projectpulse                 I  ProjectViewModel: Current user loaded: bQn67H2vIKVA6btfWJm3UroA9Bk2
2025-04-11 00:28:13.778 15594-15594 Firestore               com.bda.projectpulse                 W  (24.10.2) [CustomClassMapper]: No setter/field for fcmToken found on class com.bda.projectpulse.models.User
2025-04-11 00:28:13.778 15594-15594 System.out              com.bda.projectpulse                 I  ProjectViewModel: Current user for projects: User1, role: USER
2025-04-11 00:28:13.779 15594-15594 System.out              com.bda.projectpulse                 I  ProjectRepository: Setting up projects listener
2025-04-11 00:28:13.780 15594-15594 System.out              com.bda.projectpulse                 I  ProjectRepository: User role is USER, isAdmin: false
2025-04-11 00:28:13.784 15594-15594 Firestore               com.bda.projectpulse                 W  (24.10.2) [CustomClassMapper]: No setter/field for fcmToken found on class com.bda.projectpulse.models.User
2025-04-11 00:28:13.785 15594-15594 System.out              com.bda.projectpulse                 I  ProjectViewModel: Current user loaded: bQn67H2vIKVA6btfWJm3UroA9Bk2
2025-04-11 00:28:13.788 15594-15594 Firestore               com.bda.projectpulse                 W  (24.10.2) [CustomClassMapper]: No setter/field for fcmToken found on class com.bda.projectpulse.models.User
2025-04-11 00:28:13.793 15594-15594 Firestore               com.bda.projectpulse                 W  (24.10.2) [CustomClassMapper]: No setter/field for fcmToken found on class com.bda.projectpulse.models.User
2025-04-11 00:28:13.794 15594-15594 System.out              com.bda.projectpulse                 I  ProjectViewModel: Users loaded: 4
2025-04-11 00:28:13.850 15594-15594 System.out              com.bda.projectpulse                 I  ProjectRepository: Received projects snapshot
2025-04-11 00:28:13.851 15594-15594 System.out              com.bda.projectpulse                 I  ProjectRepository: Snapshot metadata: SnapshotMetadata{hasPendingWrites=false, isFromCache=true}
2025-04-11 00:28:13.855 15594-15594 System.out              com.bda.projectpulse                 I  ProjectRepository: Snapshot size: 3
2025-04-11 00:28:13.855 15594-15594 System.out              com.bda.projectpulse                 I  ProjectRepository: Processing document: dtPbjdN2RbNOwEORdA4e
2025-04-11 00:28:13.859 15594-15594 System.out              com.bda.projectpulse                 I  ProjectRepository: Successfully parsed project: not test 
2025-04-11 00:28:13.859 15594-15594 System.out              com.bda.projectpulse                 I  ProjectRepository: Processing document: 0qZ55ozPEZCCwsyq5vfo
2025-04-11 00:28:13.860 15594-15594 System.out              com.bda.projectpulse                 I  ProjectRepository: Project 0qZ55ozPEZCCwsyq5vfo not visible to user bQn67H2vIKVA6btfWJm3UroA9Bk2
2025-04-11 00:28:13.860 15594-15594 System.out              com.bda.projectpulse                 I  ProjectRepository: Processing document: zi9259O4I9n32z07XJYx
2025-04-11 00:28:13.862 15594-15594 System.out              com.bda.projectpulse                 I  ProjectRepository: Successfully parsed project: demo
2025-04-11 00:28:13.862 15594-15594 System.out              com.bda.projectpulse                 I  ProjectRepository: Emitting 2 projects
2025-04-11 00:28:13.863 15594-15594 System.out              com.bda.projectpulse                 I  ProjectViewModel: Projects loaded: 2
2025-04-11 00:28:13.863 15594-15594 System.out              com.bda.projectpulse                 I  ProjectRepository: Received projects snapshot
2025-04-11 00:28:13.863 15594-15594 System.out              com.bda.projectpulse                 I  ProjectRepository: Snapshot metadata: SnapshotMetadata{hasPendingWrites=false, isFromCache=true}
2025-04-11 00:28:13.863 15594-15594 System.out              com.bda.projectpulse                 I  ProjectRepository: Snapshot size: 3
2025-04-11 00:28:13.864 15594-15594 System.out              com.bda.projectpulse                 I  ProjectRepository: Processing document: dtPbjdN2RbNOwEORdA4e
2025-04-11 00:28:13.864 15594-15594 System.out              com.bda.projectpulse                 I  ProjectRepository: Successfully parsed project: not test 
2025-04-11 00:28:13.867 15594-15594 System.out              com.bda.projectpulse                 I  ProjectRepository: Processing document: 0qZ55ozPEZCCwsyq5vfo
2025-04-11 00:28:13.868 15594-15594 System.out              com.bda.projectpulse                 I  ProjectRepository: Project 0qZ55ozPEZCCwsyq5vfo not visible to user bQn67H2vIKVA6btfWJm3UroA9Bk2
2025-04-11 00:28:13.868 15594-15594 System.out              com.bda.projectpulse                 I  ProjectRepository: Processing document: zi9259O4I9n32z07XJYx
2025-04-11 00:28:13.868 15594-15594 System.out              com.bda.projectpulse                 I  ProjectRepository: Successfully parsed project: demo
2025-04-11 00:28:13.868 15594-15594 System.out              com.bda.projectpulse                 I  ProjectRepository: Emitting 2 projects
2025-04-11 00:28:13.868 15594-15594 System.out              com.bda.projectpulse                 I  ProjectViewModel: Projects loaded: 2
2025-04-11 00:28:14.323 15594-15673 ProfileInstaller        com.bda.projectpulse                 D  Installing profile for com.bda.projectpulse
2025-04-11 00:28:18.166 15594-15608 da.projectpulse         com.bda.projectpulse                 I  Background concurrent mark compact GC freed 10169KB AllocSpace bytes, 51(1680KB) LOS objects, 49% free, 8480KB/16MB, paused 1.356ms,3.528ms total 286.339ms
2025-04-11 00:28:28.750 15594-15627 EGL_emulation           com.bda.projectpulse                 D  app_time_stats: avg=430.98ms min=1.18ms max=14517.74ms count=35
2025-04-11 00:28:28.830 15594-15594 WindowOnBackDispatcher  com.bda.projectpulse                 W  OnBackInvokedCallback is not enabled for the application.
                                                                                                    Set 'android:enableOnBackInvokedCallback="true"' in the application manifest.
2025-04-11 00:28:29.307 15594-15594 Firestore               com.bda.projectpulse                 W  (24.10.2) [CustomClassMapper]: No setter/field for fcmToken found on class com.bda.projectpulse.models.User
2025-04-11 00:28:29.753 15594-15627 EGL_emulation           com.bda.projectpulse                 D  app_time_stats: avg=11.55ms min=2.75ms max=42.89ms count=54
2025-04-11 00:28:29.875 15594-15638 Firestore               com.bda.projectpulse                 W  (24.10.2) [Firestore]: Listen for Query(target=Query(notifications where recipientId==bQn67H2vIKVA6btfWJm3UroA9Bk2 order by -timestamp, -__name__);limitType=LIMIT_TO_FIRST) failed: Status{code=FAILED_PRECONDITION, description=The query requires an index. You can create it here: https://console.firebase.google.com/v1/r/project/projectpulse-c7ab6/firestore/indexes?create_composite=Clhwcm9qZWN0cy9wcm9qZWN0cHVsc2UtYzdhYjYvZGF0YWJhc2VzLyhkZWZhdWx0KS9jb2xsZWN0aW9uR3JvdXBzL25vdGlmaWNhdGlvbnMvaW5kZXhlcy9fEAEaDwoLcmVjaXBpZW50SWQQARoNCgl0aW1lc3RhbXAQAhoMCghfX25hbWVfXxAC, cause=null}
2025-04-11 00:28:31.332 15594-15627 EGL_emulation           com.bda.projectpulse                 D  app_time_stats: avg=156.85ms min=7.95ms max=1418.35ms count=10
2025-04-11 00:28:31.974 15594-15594 Firestore               com.bda.projectpulse                 W  (24.10.2) [CustomClassMapper]: No setter/field for fcmToken found on class com.bda.projectpulse.models.User
2025-04-11 00:28:32.826 15594-15627 EGL_emulation           com.bda.projectpulse                 D  app_time_stats: avg=30.98ms min=2.50ms max=660.73ms count=46
2025-04-11 00:28:33.459 15594-15594 Firestore               com.bda.projectpulse                 W  (24.10.2) [CustomClassMapper]: No setter/field for fcmToken found on class com.bda.projectpulse.models.User
2025-04-11 00:28:33.469 15594-15594 Firestore               com.bda.projectpulse                 W  (24.10.2) [CustomClassMapper]: No setter/field for fcmToken found on class com.bda.projectpulse.models.User
2025-04-11 00:28:33.997 15594-15638 Firestore               com.bda.projectpulse                 W  (24.10.2) [Firestore]: Listen for Query(target=Query(notifications where recipientId==bQn67H2vIKVA6btfWJm3UroA9Bk2 order by -timestamp, -__name__);limitType=LIMIT_TO_FIRST) failed: Status{code=FAILED_PRECONDITION, description=The query requires an index. You can create it here: https://console.firebase.google.com/v1/r/project/projectpulse-c7ab6/firestore/indexes?create_composite=Clhwcm9qZWN0cy9wcm9qZWN0cHVsc2UtYzdhYjYvZGF0YWJhc2VzLyhkZWZhdWx0KS9jb2xsZWN0aW9uR3JvdXBzL25vdGlmaWNhdGlvbnMvaW5kZXhlcy9fEAEaDwoLcmVjaXBpZW50SWQQARoNCgl0aW1lc3RhbXAQAhoMCghfX25hbWVfXxAC, cause=null}
2025-04-11 00:28:34.028 15594-15627 EGL_emulation           com.bda.projectpulse                 D  app_time_stats: avg=13.41ms min=1.82ms max=231.31ms count=54
2025-04-11 00:28:34.518 15594-15594 Firestore               com.bda.projectpulse                 W  (24.10.2) [CustomClassMapper]: No setter/field for fcmToken found on class com.bda.projectpulse.models.User
2025-04-11 00:28:35.020 15594-15638 Firestore               com.bda.projectpulse                 W  (24.10.2) [Firestore]: Listen for Query(target=Query(notifications where recipientId==bQn67H2vIKVA6btfWJm3UroA9Bk2 order by -timestamp, -__name__);limitType=LIMIT_TO_FIRST) failed: Status{code=FAILED_PRECONDITION, description=The query requires an index. You can create it here: https://console.firebase.google.com/v1/r/project/projectpulse-c7ab6/firestore/indexes?create_composite=Clhwcm9qZWN0cy9wcm9qZWN0cHVsc2UtYzdhYjYvZGF0YWJhc2VzLyhkZWZhdWx0KS9jb2xsZWN0aW9uR3JvdXBzL25vdGlmaWNhdGlvbnMvaW5kZXhlcy9fEAEaDwoLcmVjaXBpZW50SWQQARoNCgl0aW1lc3RhbXAQAhoMCghfX25hbWVfXxAC, cause=null}
2025-04-11 00:28:35.039 15594-15627 EGL_emulation           com.bda.projectpulse                 D  app_time_stats: avg=18.07ms min=2.63ms max=391.65ms count=33
2025-04-11 00:28:37.874 15594-15627 EGL_emulation           com.bda.projectpulse                 D  app_time_stats: avg=1417.30ms min=11.03ms max=2823.56ms count=2
2025-04-11 00:28:38.437 15594-15594 Firestore               com.bda.projectpulse                 W  (24.10.2) [CustomClassMapper]: No setter/field for fcmToken found on class com.bda.projectpulse.models.User
2025-04-11 00:28:39.059 15594-15627 EGL_emulation           com.bda.projectpulse                 D  app_time_stats: avg=11.01ms min=2.60ms max=308.12ms count=52
2025-04-11 00:28:39.611 15594-15594 Firestore               com.bda.projectpulse                 W  (24.10.2) [CustomClassMapper]: No setter/field for fcmToken found on class com.bda.projectpulse.models.User
2025-04-11 00:28:40.109 15594-15638 Firestore               com.bda.projectpulse                 W  (24.10.2) [Firestore]: Listen for Query(target=Query(notifications where recipientId==bQn67H2vIKVA6btfWJm3UroA9Bk2 order by -timestamp, -__name__);limitType=LIMIT_TO_FIRST) failed: Status{code=FAILED_PRECONDITION, description=The query requires an index. You can create it here: https://console.firebase.google.com/v1/r/project/projectpulse-c7ab6/firestore/indexes?create_composite=Clhwcm9qZWN0cy9wcm9qZWN0cHVsc2UtYzdhYjYvZGF0YWJhc2VzLyhkZWZhdWx0KS9jb2xsZWN0aW9uR3JvdXBzL25vdGlmaWNhdGlvbnMvaW5kZXhlcy9fEAEaDwoLcmVjaXBpZW50SWQQARoNCgl0aW1lc3RhbXAQAhoMCghfX25hbWVfXxAC, cause=null}
2025-04-11 00:28:40.140 15594-15627 EGL_emulation           com.bda.projectpulse                 D  app_time_stats: avg=22.81ms min=2.91ms max=374.85ms count=31
2025-04-11 00:28:41.516 15594-15627 EGL_emulation           com.bda.projectpulse                 D  app_time_stats: avg=687.90ms min=6.98ms max=1368.82ms count=2
2025-04-11 00:28:42.099 15594-15594 Firestore               com.bda.projectpulse                 W  (24.10.2) [CustomClassMapper]: No setter/field for fcmToken found on class com.bda.projectpulse.models.User
2025-04-11 00:28:42.652 15594-15627 EGL_emulation           com.bda.projectpulse                 D  app_time_stats: avg=21.14ms min=2.51ms max=228.19ms count=43
2025-04-11 00:28:43.096 15594-15594 Firestore               com.bda.projectpulse                 W  (24.10.2) [CustomClassMapper]: No setter/field for fcmToken found on class com.bda.projectpulse.models.User
2025-04-11 00:28:43.589 15594-15638 Firestore               com.bda.projectpulse                 W  (24.10.2) [Firestore]: Listen for Query(target=Query(notifications where recipientId==bQn67H2vIKVA6btfWJm3UroA9Bk2 order by -timestamp, -__name__);limitType=LIMIT_TO_FIRST) failed: Status{code=FAILED_PRECONDITION, description=The query requires an index. You can create it here: https://console.firebase.google.com/v1/r/project/projectpulse-c7ab6/firestore/indexes?create_composite=Clhwcm9qZWN0cy9wcm9qZWN0cHVsc2UtYzdhYjYvZGF0YWJhc2VzLyhkZWZhdWx0KS9jb2xsZWN0aW9uR3JvdXBzL25vdGlmaWNhdGlvbnMvaW5kZXhlcy9fEAEaDwoLcmVjaXBpZW50SWQQARoNCgl0aW1lc3RhbXAQAhoMCghfX25hbWVfXxAC, cause=null}
2025-04-11 00:31:33.066 15594-15627 EGL_emulation           com.bda.projectpulse                 D  app_time_stats: avg=5324.61ms min=7.88ms max=169429.88ms count=32
2025-04-11 00:31:33.269 15594-15594 System.out              com.bda.projectpulse                 I  ProjectViewModel: Loading projects
2025-04-11 00:31:33.270 15594-15594 System.out              com.bda.projectpulse                 I  ProjectViewModel: Loading current user
2025-04-11 00:31:33.752 15594-15594 Firestore               com.bda.projectpulse                 W  (24.10.2) [CustomClassMapper]: No setter/field for fcmToken found on class com.bda.projectpulse.models.User
2025-04-11 00:31:33.752 15594-15594 System.out              com.bda.projectpulse                 I  ProjectViewModel: Current user for projects: User1, role: USER
2025-04-11 00:31:33.753 15594-15594 System.out              com.bda.projectpulse                 I  ProjectRepository: Setting up projects listener
2025-04-11 00:31:33.754 15594-15594 System.out              com.bda.projectpulse                 I  ProjectRepository: User role is USER, isAdmin: false
2025-04-11 00:31:33.755 15594-15594 Firestore               com.bda.projectpulse                 W  (24.10.2) [CustomClassMapper]: No setter/field for fcmToken found on class com.bda.projectpulse.models.User
2025-04-11 00:31:33.756 15594-15594 System.out              com.bda.projectpulse                 I  ProjectViewModel: Current user loaded: bQn67H2vIKVA6btfWJm3UroA9Bk2
2025-04-11 00:31:33.765 15594-15594 System.out              com.bda.projectpulse                 I  ProjectRepository: Received projects snapshot
2025-04-11 00:31:33.765 15594-15594 System.out              com.bda.projectpulse                 I  ProjectRepository: Snapshot metadata: SnapshotMetadata{hasPendingWrites=false, isFromCache=false}
2025-04-11 00:31:33.765 15594-15594 System.out              com.bda.projectpulse                 I  ProjectRepository: Snapshot size: 3
2025-04-11 00:31:33.766 15594-15594 System.out              com.bda.projectpulse                 I  ProjectRepository: Processing document: dtPbjdN2RbNOwEORdA4e
2025-04-11 00:31:33.766 15594-15594 System.out              com.bda.projectpulse                 I  ProjectRepository: Successfully parsed project: not test 
2025-04-11 00:31:33.767 15594-15594 System.out              com.bda.projectpulse                 I  ProjectRepository: Processing document: 0qZ55ozPEZCCwsyq5vfo
2025-04-11 00:31:33.767 15594-15594 System.out              com.bda.projectpulse                 I  ProjectRepository: Project 0qZ55ozPEZCCwsyq5vfo not visible to user bQn67H2vIKVA6btfWJm3UroA9Bk2
2025-04-11 00:31:33.767 15594-15594 System.out              com.bda.projectpulse                 I  ProjectRepository: Processing document: zi9259O4I9n32z07XJYx
2025-04-11 00:31:33.768 15594-15594 System.out              com.bda.projectpulse                 I  ProjectRepository: Successfully parsed project: demo
2025-04-11 00:31:33.768 15594-15594 System.out              com.bda.projectpulse                 I  ProjectRepository: Emitting 2 projects
2025-04-11 00:31:33.768 15594-15594 System.out              com.bda.projectpulse                 I  ProjectViewModel: Projects loaded: 2
2025-04-11 00:31:52.615 15594-15627 EGL_emulation           com.bda.projectpulse                 D  app_time_stats: avg=346.72ms min=2.50ms max=18610.95ms count=55
2025-04-11 00:31:52.730 15594-15594 System.out              com.bda.projectpulse                 I  ProjectViewModel: Loading projects
2025-04-11 00:31:53.205 15594-15594 Firestore               com.bda.projectpulse                 W  (24.10.2) [CustomClassMapper]: No setter/field for fcmToken found on class com.bda.projectpulse.models.User
2025-04-11 00:31:53.206 15594-15594 System.out              com.bda.projectpulse                 I  ProjectViewModel: Current user for projects: User1, role: USER
2025-04-11 00:31:53.206 15594-15594 System.out              com.bda.projectpulse                 I  ProjectRepository: Setting up projects listener
2025-04-11 00:31:53.206 15594-15594 System.out              com.bda.projectpulse                 I  ProjectRepository: User role is USER, isAdmin: false
2025-04-11 00:31:53.218 15594-15594 System.out              com.bda.projectpulse                 I  ProjectRepository: Received projects snapshot
2025-04-11 00:31:53.218 15594-15594 System.out              com.bda.projectpulse                 I  ProjectRepository: Snapshot metadata: SnapshotMetadata{hasPendingWrites=false, isFromCache=false}
2025-04-11 00:31:53.218 15594-15594 System.out              com.bda.projectpulse                 I  ProjectRepository: Snapshot size: 3
2025-04-11 00:31:53.218 15594-15594 System.out              com.bda.projectpulse                 I  ProjectRepository: Processing document: dtPbjdN2RbNOwEORdA4e
2025-04-11 00:31:53.219 15594-15594 System.out              com.bda.projectpulse                 I  ProjectRepository: Successfully parsed project: not test 
2025-04-11 00:31:53.219 15594-15594 System.out              com.bda.projectpulse                 I  ProjectRepository: Processing document: 0qZ55ozPEZCCwsyq5vfo
2025-04-11 00:31:53.219 15594-15594 System.out              com.bda.projectpulse                 I  ProjectRepository: Project 0qZ55ozPEZCCwsyq5vfo not visible to user bQn67H2vIKVA6btfWJm3UroA9Bk2
2025-04-11 00:31:53.219 15594-15594 System.out              com.bda.projectpulse                 I  ProjectRepository: Processing document: zi9259O4I9n32z07XJYx
